Archive member included to satisfy reference by file (symbol)

/home/allan/intelFPGA_lite/21.1/nios2eds/bin/gnu/H-x86_64-pc-linux-gnu/bin/../lib/gcc/nios2-elf/11.2.1/../../../../../H-x86_64-pc-linux-gnu/nios2-elf/lib/libm.a(lib_a-wf_exp.o)
                              obj/default/cnn/main.o (expf)
/home/allan/intelFPGA_lite/21.1/nios2eds/bin/gnu/H-x86_64-pc-linux-gnu/bin/../lib/gcc/nios2-elf/11.2.1/../../../../../H-x86_64-pc-linux-gnu/nios2-elf/lib/libm.a(lib_a-ef_exp.o)
                              /home/allan/intelFPGA_lite/21.1/nios2eds/bin/gnu/H-x86_64-pc-linux-gnu/bin/../lib/gcc/nios2-elf/11.2.1/../../../../../H-x86_64-pc-linux-gnu/nios2-elf/lib/libm.a(lib_a-wf_exp.o) (__ieee754_expf)
/home/allan/intelFPGA_lite/21.1/nios2eds/bin/gnu/H-x86_64-pc-linux-gnu/bin/../lib/gcc/nios2-elf/11.2.1/../../../../../H-x86_64-pc-linux-gnu/nios2-elf/lib/libm.a(lib_a-math_errf.o)
                              /home/allan/intelFPGA_lite/21.1/nios2eds/bin/gnu/H-x86_64-pc-linux-gnu/bin/../lib/gcc/nios2-elf/11.2.1/../../../../../H-x86_64-pc-linux-gnu/nios2-elf/lib/libm.a(lib_a-ef_exp.o) (__math_uflowf)
/home/allan/intelFPGA_lite/21.1/nios2eds/bin/gnu/H-x86_64-pc-linux-gnu/bin/../lib/gcc/nios2-elf/11.2.1/libgcc.a(_muldi3.o)
                              obj/default/cnn/main.o (__muldi3)
/home/allan/intelFPGA_lite/21.1/nios2eds/bin/gnu/H-x86_64-pc-linux-gnu/bin/../lib/gcc/nios2-elf/11.2.1/libgcc.a(addsf3.o)
                              obj/default/cnn/main.o (__addsf3)
/home/allan/intelFPGA_lite/21.1/nios2eds/bin/gnu/H-x86_64-pc-linux-gnu/bin/../lib/gcc/nios2-elf/11.2.1/libgcc.a(divsf3.o)
                              obj/default/cnn/main.o (__divsf3)
/home/allan/intelFPGA_lite/21.1/nios2eds/bin/gnu/H-x86_64-pc-linux-gnu/bin/../lib/gcc/nios2-elf/11.2.1/libgcc.a(gesf2.o)
                              obj/default/cnn/main.o (__gesf2)
/home/allan/intelFPGA_lite/21.1/nios2eds/bin/gnu/H-x86_64-pc-linux-gnu/bin/../lib/gcc/nios2-elf/11.2.1/libgcc.a(lesf2.o)
                              obj/default/cnn/main.o (__ltsf2)
/home/allan/intelFPGA_lite/21.1/nios2eds/bin/gnu/H-x86_64-pc-linux-gnu/bin/../lib/gcc/nios2-elf/11.2.1/libgcc.a(mulsf3.o)
                              obj/default/cnn/main.o (__mulsf3)
/home/allan/intelFPGA_lite/21.1/nios2eds/bin/gnu/H-x86_64-pc-linux-gnu/bin/../lib/gcc/nios2-elf/11.2.1/libgcc.a(subsf3.o)
                              /home/allan/intelFPGA_lite/21.1/nios2eds/bin/gnu/H-x86_64-pc-linux-gnu/bin/../lib/gcc/nios2-elf/11.2.1/../../../../../H-x86_64-pc-linux-gnu/nios2-elf/lib/libm.a(lib_a-ef_exp.o) (__subsf3)
/home/allan/intelFPGA_lite/21.1/nios2eds/bin/gnu/H-x86_64-pc-linux-gnu/bin/../lib/gcc/nios2-elf/11.2.1/libgcc.a(unordsf2.o)
                              /home/allan/intelFPGA_lite/21.1/nios2eds/bin/gnu/H-x86_64-pc-linux-gnu/bin/../lib/gcc/nios2-elf/11.2.1/../../../../../H-x86_64-pc-linux-gnu/nios2-elf/lib/libm.a(lib_a-wf_exp.o) (__unordsf2)
/home/allan/intelFPGA_lite/21.1/nios2eds/bin/gnu/H-x86_64-pc-linux-gnu/bin/../lib/gcc/nios2-elf/11.2.1/libgcc.a(fixsfsi.o)
                              /home/allan/intelFPGA_lite/21.1/nios2eds/bin/gnu/H-x86_64-pc-linux-gnu/bin/../lib/gcc/nios2-elf/11.2.1/../../../../../H-x86_64-pc-linux-gnu/nios2-elf/lib/libm.a(lib_a-ef_exp.o) (__fixsfsi)
/home/allan/intelFPGA_lite/21.1/nios2eds/bin/gnu/H-x86_64-pc-linux-gnu/bin/../lib/gcc/nios2-elf/11.2.1/libgcc.a(floatsisf.o)
                              /home/allan/intelFPGA_lite/21.1/nios2eds/bin/gnu/H-x86_64-pc-linux-gnu/bin/../lib/gcc/nios2-elf/11.2.1/../../../../../H-x86_64-pc-linux-gnu/nios2-elf/lib/libm.a(lib_a-ef_exp.o) (__floatsisf)
/home/allan/intelFPGA_lite/21.1/nios2eds/bin/gnu/H-x86_64-pc-linux-gnu/bin/../lib/gcc/nios2-elf/11.2.1/libgcc.a(extendsfdf2.o)
                              obj/default/cnn/main.o (__extendsfdf2)
/home/allan/intelFPGA_lite/21.1/nios2eds/bin/gnu/H-x86_64-pc-linux-gnu/bin/../lib/gcc/nios2-elf/11.2.1/libgcc.a(_clzsi2.o)
                              /home/allan/intelFPGA_lite/21.1/nios2eds/bin/gnu/H-x86_64-pc-linux-gnu/bin/../lib/gcc/nios2-elf/11.2.1/libgcc.a(addsf3.o) (__clzsi2)
/home/allan/intelFPGA_lite/21.1/nios2eds/bin/gnu/H-x86_64-pc-linux-gnu/bin/../lib/gcc/nios2-elf/11.2.1/libgcc.a(_clz.o)
                              /home/allan/intelFPGA_lite/21.1/nios2eds/bin/gnu/H-x86_64-pc-linux-gnu/bin/../lib/gcc/nios2-elf/11.2.1/libgcc.a(_clzsi2.o) (__clz_tab)
/home/allan/intelFPGA_lite/21.1/nios2eds/bin/gnu/H-x86_64-pc-linux-gnu/bin/../lib/gcc/nios2-elf/11.2.1/../../../../../H-x86_64-pc-linux-gnu/nios2-elf/lib/libc.a(lib_a-errno.o)
                              /home/allan/intelFPGA_lite/21.1/nios2eds/bin/gnu/H-x86_64-pc-linux-gnu/bin/../lib/gcc/nios2-elf/11.2.1/../../../../../H-x86_64-pc-linux-gnu/nios2-elf/lib/libm.a(lib_a-wf_exp.o) (__errno)
/home/allan/intelFPGA_lite/21.1/nios2eds/bin/gnu/H-x86_64-pc-linux-gnu/bin/../lib/gcc/nios2-elf/11.2.1/../../../../../H-x86_64-pc-linux-gnu/nios2-elf/lib/libc.a(lib_a-impure.o)
[...]
Memory Configuration

Name             Origin             Length             Attributes
reset            0x0000000000040000 0x0000000000000020
SDRAM            0x0000000000040020 0x000000000003ffe0
*default*        0x0000000000000000 0xffffffffffffffff

Linker script and memory map

LOAD ../CPU0_bsp//obj/HAL/src/crt0.o
LOAD obj/default/cnn/main.o
LOAD /home/allan/intelFPGA_lite/21.1/nios2eds/bin/gnu/H-x86_64-pc-linux-gnu/bin/../lib/gcc/nios2-elf/11.2.1/../../../../../H-x86_64-pc-linux-gnu/nios2-elf/lib/libstdc++.a
LOAD /home/allan/intelFPGA_lite/21.1/nios2eds/bin/gnu/H-x86_64-pc-linux-gnu/bin/../lib/gcc/nios2-elf/11.2.1/../../../../../H-x86_64-pc-linux-gnu/nios2-elf/lib/libm.a
LOAD /home/allan/intelFPGA_lite/21.1/nios2eds/bin/gnu/H-x86_64-pc-linux-gnu/bin/../lib/gcc/nios2-elf/11.2.1/libgcc.a
START GROUP
LOAD /home/allan/intelFPGA_lite/21.1/nios2eds/bin/gnu/H-x86_64-pc-linux-gnu/bin/../lib/gcc/nios2-elf/11.2.1/../../../../../H-x86_64-pc-linux-gnu/nios2-elf/lib/libc.a
LOAD /home/allan/intelFPGA_lite/21.1/nios2eds/bin/gnu/H-x86_64-pc-linux-gnu/bin/../lib/gcc/nios2-elf/11.2.1/libgcc.a
LOAD ../CPU0_bsp//libhal_bsp.a
LOAD /home/allan/intelFPGA_lite/21.1/nios2eds/bin/gnu/H-x86_64-pc-linux-gnu/bin/../lib/gcc/nios2-elf/11.2.1/../../../../../H-x86_64-pc-linux-gnu/nios2-elf/lib/libm.a
END GROUP
LOAD /home/allan/intelFPGA_lite/21.1/nios2eds/bin/gnu/H-x86_64-pc-linux-gnu/bin/../lib/gcc/nios2-elf/11.2.1/libgcc.a
                0x0000000000040000                __alt_mem_SDRAM = 0x40000

.entry          0x0000000000040000       0x20
 *(.entry)
 .entry         0x0000000000040000       0x20 ../CPU0_bsp//obj/HAL/src/crt0.o
                0x0000000000040000                __reset

.exceptions     0x0000000000040020      0x218
                0x0000000000040020                PROVIDE (__ram_exceptions_start = ABSOLUTE (.))
                0x0000000000040020                . = ALIGN (0x20)
 *(.irq)
 *(.exceptions.entry.label)
 .exceptions.entry.label
                0x0000000000040020        0x0 ../CPU0_bsp//libhal_bsp.a(alt_irq_entry.o)
                0x0000000000040020                alt_irq_entry
 .exceptions.entry.label
                0x0000000000040020        0x0 ../CPU0_bsp//libhal_bsp.a(alt_exception_entry.o)
                0x0000000000040020                alt_exception
 *(.exceptions.entry.user)
 *(.exceptions.entry.ecc_fatal)
 *(.exceptions.entry)
 .exceptions.entry
                0x0000000000040020       0x54 ../CPU0_bsp//libhal_bsp.a(alt_exception_entry.o)
 *(.exceptions.irqtest.user)
 *(.exceptions.irqtest)
 .exceptions.irqtest
                0x0000000000040074       0x10 ../CPU0_bsp//libhal_bsp.a(alt_irq_entry.o)
 *(.exceptions.irqhandler.user)
 *(.exceptions.irqhandler)
 .exceptions.irqhandler
                0x0000000000040084        0x4 ../CPU0_bsp//libhal_bsp.a(alt_irq_entry.o)
 *(.exceptions.irqreturn.user)
 *(.exceptions.irqreturn)
 .exceptions.irqreturn
                0x0000000000040088        0x4 ../CPU0_bsp//libhal_bsp.a(alt_irq_entry.o)
 *(.exceptions.notirq.label)
 .exceptions.notirq.label
                0x000000000004008c        0x0 ../CPU0_bsp//libhal_bsp.a(alt_irq_entry.o)
 *(.exceptions.notirq.user)
 *(.exceptions.notirq)
 .exceptions.notirq
                0x000000000004008c        0x8 ../CPU0_bsp//libhal_bsp.a(alt_exception_entry.o)
 *(.exceptions.soft.user)
 *(.exceptions.soft)
 *(.exceptions.unknown.user)
 *(.exceptions.unknown)
 .exceptions.unknown
                0x0000000000040094       0x14 ../CPU0_bsp//libhal_bsp.a(alt_exception_entry.o)
 *(.exceptions.exit.label)
 .exceptions.exit.label
                0x00000000000400a8        0x0 ../CPU0_bsp//libhal_bsp.a(alt_irq_entry.o)
 .exceptions.exit.label
                0x00000000000400a8        0x0 ../CPU0_bsp//libhal_bsp.a(alt_exception_entry.o)
 *(.exceptions.exit.user)
 *(.exceptions.exit)
 .exceptions.exit
                0x00000000000400a8       0x54 ../CPU0_bsp//libhal_bsp.a(alt_exception_entry.o)
 *(.exceptions)
 .exceptions    0x00000000000400fc       0xc8 ../CPU0_bsp//libhal_bsp.a(alt_irq_handler.o)
                0x00000000000400fc                alt_irq_handler
 .exceptions    0x00000000000401c4       0x74 ../CPU0_bsp//libhal_bsp.a(alt_instruction_exception_entry.o)
                0x00000000000401c4                alt_instruction_exception_entry
                0x0000000000040238                PROVIDE (__ram_exceptions_end = ABSOLUTE (.))
                0x0000000000040020                PROVIDE (__flash_exceptions_start = LOADADDR (.exceptions))

.text           0x0000000000040238    0x287d0
                [!provide]                        PROVIDE (stext = ABSOLUTE (.))
 *(.interp)
 *(.hash)
 *(.dynsym)
 *(.dynstr)
 *(.gnu.version)
 *(.gnu.version_d)
 *(.gnu.version_r)
 *(.rel.init)
 *(.rela.init)
 *(.rel.text .rel.text.* .rel.gnu.linkonce.t.*)
 *(.rela.text .rela.text.* .rela.gnu.linkonce.t.*)
 *(.rel.fini)
 *(.rela.fini)
 *(.rel.rodata .rel.rodata.* .rel.gnu.linkonce.r.*)
 *(.rela.rodata .rela.rodata.* .rela.gnu.linkonce.r.*)
 *(.rel.data .rel.data.* .rel.gnu.linkonce.d.*)
 *(.rela.data .rela.data.* .rela.gnu.linkonce.d.*)
 *(.rel.tdata .rel.tdata.* .rel.gnu.linkonce.td.*)
 *(.rela.tdata .rela.tdata.* .rela.gnu.linkonce.td.*)
 *(.rel.tbss .rel.tbss.* .rel.gnu.linkonce.tb.*)
 *(.rela.tbss .rela.tbss.* .rela.gnu.linkonce.tb.*)
 *(.rel.ctors)
 *(.rela.ctors)
 *(.rel.dtors)
 *(.rela.dtors)
 *(.rel.got)
 *(.rela.got)
 *(.rel.sdata .rel.sdata.* .rel.gnu.linkonce.s.*)
 *(.rela.sdata .rela.sdata.* .rela.gnu.linkonce.s.*)
 *(.rel.sbss .rel.sbss.* .rel.gnu.linkonce.sb.*)
 *(.rela.sbss .rela.sbss.* .rela.gnu.linkonce.sb.*)
 *(.rel.sdata2 .rel.sdata2.* .rel.gnu.linkonce.s2.*)
 *(.rela.sdata2 .rela.sdata2.* .rela.gnu.linkonce.s2.*)
 *(.rel.sbss2 .rel.sbss2.* .rel.gnu.linkonce.sb2.*)
 *(.rela.sbss2 .rela.sbss2.* .rela.gnu.linkonce.sb2.*)
 *(.rel.bss .rel.bss.* .rel.gnu.linkonce.b.*)
 *(.rela.bss .rela.bss.* .rela.gnu.linkonce.b.*)
 *(.rel.plt)
 *(.rela.plt)
 *(.rel.dyn)
 *(.init)
 *(.plt)
 *(.text .stub .text.* .gnu.linkonce.t.*)
 .text          0x0000000000040238       0x4c ../CPU0_bsp//obj/HAL/src/crt0.o
                0x0000000000040238                _start
 .text          0x0000000000040284     0xee38 obj/default/cnn/main.o
                0x0000000000040284                convolution
                0x0000000000040404                multiply
                0x00000000000405d4                receive_image
                0x0000000000040688                main
 .text          0x000000000004f0bc        0x0 /home/allan/intelFPGA_lite/21.1/nios2eds/bin/gnu/H-x86_64-pc-linux-gnu/bin/../lib/gcc/nios2-elf/11.2.1/../../../../../H-x86_64-pc-linux-gnu/nios2-elf/lib/libm.a(lib_a-wf_exp.o)
 .text.expf     0x000000000004f0bc       0xc0 /home/allan/intelFPGA_lite/21.1/nios2eds/bin/gnu/H-x86_64-pc-linux-gnu/bin/../lib/gcc/nios2-elf/11.2.1/../../../../../H-x86_64-pc-linux-gnu/nios2-elf/lib/libm.a(lib_a-wf_exp.o)
                0x000000000004f0bc                expf
 .text          0x000000000004f17c        0x0 /home/allan/intelFPGA_lite/21.1/nios2eds/bin/gnu/H-x86_64-pc-linux-gnu/bin/../lib/gcc/nios2-elf/11.2.1/../../../../../H-x86_64-pc-linux-gnu/nios2-elf/lib/libm.a(lib_a-ef_exp.o)
 .text.__ieee754_expf
                0x000000000004f17c      0x404 /home/allan/intelFPGA_lite/21.1/nios2eds/bin/gnu/H-x86_64-pc-linux-gnu/bin/../lib/gcc/nios2-elf/11.2.1/../../../../../H-x86_64-pc-linux-gnu/nios2-elf/lib/libm.a(lib_a-ef_exp.o)
                0x000000000004f17c                __ieee754_expf
 .text          0x000000000004f580        0x0 /home/allan/intelFPGA_lite/21.1/nios2eds/bin/gnu/H-x86_64-pc-linux-gnu/bin/../lib/gcc/nios2-elf/11.2.1/../../../../../H-x86_64-pc-linux-gnu/nios2-elf/lib/libm.a(lib_a-math_errf.o)
 .text.with_errnof
                0x000000000004f580       0x38 /home/allan/intelFPGA_lite/21.1/nios2eds/bin/gnu/H-x86_64-pc-linux-gnu/bin/../lib/gcc/nios2-elf/11.2.1/../../../../../H-x86_64-pc-linux-gnu/nios2-elf/lib/libm.a(lib_a-math_errf.o)
 .text.xflowf   0x000000000004f5b8       0x30 /home/allan/intelFPGA_lite/21.1/nios2eds/bin/gnu/H-x86_64-pc-linux-gnu/bin/../lib/gcc/nios2-elf/11.2.1/../../../../../H-x86_64-pc-linux-gnu/nios2-elf/lib/libm.a(lib_a-math_errf.o)
 .text.__math_uflowf
                0x000000000004f5e8        0x8 /home/allan/intelFPGA_lite/21.1/nios2eds/bin/gnu/H-x86_64-pc-linux-gnu/bin/../lib/gcc/nios2-elf/11.2.1/../../../../../H-x86_64-pc-linux-gnu/nios2-elf/lib/libm.a(lib_a-math_errf.o)
                0x000000000004f5e8                __math_uflowf
 .text.__math_oflowf
                0x000000000004f5f0        0x8 /home/allan/intelFPGA_lite/21.1/nios2eds/bin/gnu/H-x86_64-pc-linux-gnu/bin/../lib/gcc/nios2-elf/11.2.1/../../../../../H-x86_64-pc-linux-gnu/nios2-elf/lib/libm.a(lib_a-math_errf.o)
                0x000000000004f5f0                __math_oflowf
 .text.__math_divzerof
                0x000000000004f5f8       0x34 /home/allan/intelFPGA_lite/21.1/nios2eds/bin/gnu/H-x86_64-pc-linux-gnu/bin/../lib/gcc/nios2-elf/11.2.1/../../../../../H-x86_64-pc-linux-gnu/nios2-elf/lib/libm.a(lib_a-math_errf.o)
                0x000000000004f5f8                __math_divzerof
 .text.__math_invalidf
                0x000000000004f62c       0x70 /home/allan/intelFPGA_lite/21.1/nios2eds/bin/gnu/H-x86_64-pc-linux-gnu/bin/../lib/gcc/nios2-elf/11.2.1/../../../../../H-x86_64-pc-linux-gnu/nios2-elf/lib/libm.a(lib_a-math_errf.o)
                0x000000000004f62c                __math_invalidf
 .text          0x000000000004f69c       0x60 /home/allan/intelFPGA_lite/21.1/nios2eds/bin/gnu/H-x86_64-pc-linux-gnu/bin/../lib/gcc/nios2-elf/11.2.1/libgcc.a(_muldi3.o)
                0x000000000004f69c                __muldi3
 .text          0x000000000004f6fc      0x46c /home/allan/intelFPGA_lite/21.1/nios2eds/bin/gnu/H-x86_64-pc-linux-gnu/bin/../lib/gcc/nios2-elf/11.2.1/libgcc.a(addsf3.o)
                0x000000000004f6fc                __addsf3
 .text          0x000000000004fb68      0x414 /home/allan/intelFPGA_lite/21.1/nios2eds/bin/gnu/H-x86_64-pc-linux-gnu/bin/../lib/gcc/nios2-elf/11.2.1/libgcc.a(divsf3.o)
                0x000000000004fb68                __divsf3
 .text          0x000000000004ff7c       0xb8 /home/allan/intelFPGA_lite/21.1/nios2eds/bin/gnu/H-x86_64-pc-linux-gnu/bin/../lib/gcc/nios2-elf/11.2.1/libgcc.a(gesf2.o)
                0x000000000004ff7c                __gtsf2
                0x000000000004ff7c                __gesf2
 .text          0x0000000000050034       0xb4 /home/allan/intelFPGA_lite/21.1/nios2eds/bin/gnu/H-x86_64-pc-linux-gnu/bin/../lib/gcc/nios2-elf/11.2.1/libgcc.a(lesf2.o)
                0x0000000000050034                __lesf2
                0x0000000000050034                __ltsf2
 .text          0x00000000000500e8      0x438 /home/allan/intelFPGA_lite/21.1/nios2eds/bin/gnu/H-x86_64-pc-linux-gnu/bin/../lib/gcc/nios2-elf/11.2.1/libgcc.a(mulsf3.o)
                0x00000000000500e8                __mulsf3
 .text          0x0000000000050520      0x494 /home/allan/intelFPGA_lite/21.1/nios2eds/bin/gnu/H-x86_64-pc-linux-gnu/bin/../lib/gcc/nios2-elf/11.2.1/libgcc.a(subsf3.o)
                0x0000000000050520                __subsf3
 .text          0x00000000000509b4       0x4c /home/allan/intelFPGA_lite/21.1/nios2eds/bin/gnu/H-x86_64-pc-linux-gnu/bin/../lib/gcc/nios2-elf/11.2.1/libgcc.a(unordsf2.o)
                0x00000000000509b4                __unordsf2
 .text          0x0000000000050a00       0x70 /home/allan/intelFPGA_lite/21.1/nios2eds/bin/gnu/H-x86_64-pc-linux-gnu/bin/../lib/gcc/nios2-elf/11.2.1/libgcc.a(fixsfsi.o)
                0x0000000000050a00                __fixsfsi
 .text          0x0000000000050a70      0x124 /home/allan/intelFPGA_lite/21.1/nios2eds/bin/gnu/H-x86_64-pc-linux-gnu/bin/../lib/gcc/nios2-elf/11.2.1/libgcc.a(floatsisf.o)
                0x0000000000050a70                __floatsisf
 .text          0x0000000000050b94       0xfc /home/allan/intelFPGA_lite/21.1/nios2eds/bin/gnu/H-x86_64-pc-linux-gnu/bin/../lib/gcc/nios2-elf/11.2.1/libgcc.a(extendsfdf2.o)
                0x0000000000050b94                __extendsfdf2
 .text          0x0000000000050c90       0x50 /home/allan/intelFPGA_lite/21.1/nios2eds/bin/gnu/H-x86_64-pc-linux-gnu/bin/../lib/gcc/nios2-elf/11.2.1/libgcc.a(_clzsi2.o)
                0x0000000000050c90                __clzsi2
 .text          0x0000000000050ce0        0x0 /home/allan/intelFPGA_lite/21.1/nios2eds/bin/gnu/H-x86_64-pc-linux-gnu/bin/../lib/gcc/nios2-elf/11.2.1/libgcc.a(_clz.o)
 .text          0x0000000000050ce0        0x0 /home/allan/intelFPGA_lite/21.1/nios2eds/bin/gnu/H-x86_64-pc-linux-gnu/bin/../lib/gcc/nios2-elf/11.2.1/../../../../../H-x86_64-pc-linux-gnu/nios2-elf/lib/libc.a(lib_a-errno.o)
 .text.__errno  0x0000000000050ce0        0xc /home/allan/intelFPGA_lite/21.1/nios2eds/bin/gnu/H-x86_64-pc-linux-gnu/bin/../lib/gcc/nios2-elf/11.2.1/../../../../../H-x86_64-pc-linux-gnu/nios2-elf/lib/libc.a(lib_a-errno.o)
                0x0000000000050ce0                __errno
 .text          0x0000000000050cec        0x0 /home/allan/intelFPGA_lite/21.1/nios2eds/bin/gnu/H-x86_64-pc-linux-gnu/bin/../lib/gcc/nios2-elf/11.2.1/../../../../../H-x86_64-pc-linux-gnu/nios2-elf/lib/libc.a(lib_a-impure.o)
 .text          0x0000000000050cec        0x0 /home/allan/intelFPGA_lite/21.1/nios2eds/bin/gnu/H-x86_64-pc-linux-gnu/bin/../lib/gcc/nios2-elf/11.2.1/../../../../../H-x86_64-pc-linux-gnu/nios2-elf/lib/libc.a(lib_a-printf.o)
 .text._printf_r
                0x0000000000050cec       0x30 /home/allan/intelFPGA_lite/21.1/nios2eds/bin/gnu/H-x86_64-pc-linux-gnu/bin/../lib/gcc/nios2-elf/11.2.1/../../../../../H-x86_64-pc-linux-gnu/nios2-elf/lib/libc.a(lib_a-printf.o)
                0x0000000000050cec                _printf_r
 .text.printf   0x0000000000050d1c       0x38 /home/allan/intelFPGA_lite/21.1/nios2eds/bin/gnu/H-x86_64-pc-linux-gnu/bin/../lib/gcc/nios2-elf/11.2.1/../../../../../H-x86_64-pc-linux-gnu/nios2-elf/lib/libc.a(lib_a-printf.o)
                0x0000000000050d1c                printf
 .text          0x0000000000050d54        0x0 /home/allan/intelFPGA_lite/21.1/nios2eds/bin/gnu/H-x86_64-pc-linux-gnu/bin/../lib/gcc/nios2-elf/11.2.1/../../../../../H-x86_64-pc-linux-gnu/nios2-elf/lib/libc.a(lib_a-puts.o)
 .text._puts_r  0x0000000000050d54       0xcc /home/allan/intelFPGA_lite/21.1/nios2eds/bin/gnu/H-x86_64-pc-linux-gnu/bin/../lib/gcc/nios2-elf/11.2.1/../../../../../H-x86_64-pc-linux-gnu/nios2-elf/lib/libc.a(lib_a-puts.o)
                0x0000000000050d54                _puts_r
 .text.puts     0x0000000000050e20       0x10 /home/allan/intelFPGA_lite/21.1/nios2eds/bin/gnu/H-x86_64-pc-linux-gnu/bin/../lib/gcc/nios2-elf/11.2.1/../../../../../H-x86_64-pc-linux-gnu/nios2-elf/lib/libc.a(lib_a-puts.o)
                0x0000000000050e20                puts
 .text          0x0000000000050e30        0x0 /home/allan/intelFPGA_lite/21.1/nios2eds/bin/gnu/H-x86_64-pc-linux-gnu/bin/../lib/gcc/nios2-elf/11.2.1/../../../../../H-x86_64-pc-linux-gnu/nios2-elf/lib/libc.a(lib_a-scanf.o)
 .text.scanf    0x0000000000050e30       0x3c /home/allan/intelFPGA_lite/21.1/nios2eds/bin/gnu/H-x86_64-pc-linux-gnu/bin/../lib/gcc/nios2-elf/11.2.1/../../../../../H-x86_64-pc-linux-gnu/nios2-elf/lib/libc.a(lib_a-scanf.o)
                0x0000000000050e30                scanf
 .text._scanf_r
                0x0000000000050e6c       0x30 /home/allan/intelFPGA_lite/21.1/nios2eds/bin/gnu/H-x86_64-pc-linux-gnu/bin/../lib/gcc/nios2-elf/11.2.1/../../../../../H-x86_64-pc-linux-gnu/nios2-elf/lib/libc.a(lib_a-scanf.o)
                0x0000000000050e6c                _scanf_r
 .text          0x0000000000050e9c        0x0 /home/allan/intelFPGA_lite/21.1/nios2eds/bin/gnu/H-x86_64-pc-linux-gnu/bin/../lib/gcc/nios2-elf/11.2.1/../../../../../H-x86_64-pc-linux-gnu/nios2-elf/lib/libc.a(lib_a-strlen.o)
 .text.strlen   0x0000000000050e9c       0x98 /home/allan/intelFPGA_lite/21.1/nios2eds/bin/gnu/H-x86_64-pc-linux-gnu/bin/../lib/gcc/nios2-elf/11.2.1/../../../../../H-x86_64-pc-linux-gnu/nios2-elf/lib/libc.a(lib_a-strlen.o)
                0x0000000000050e9c                strlen
 .text          0x0000000000050f34        0x0 /home/allan/intelFPGA_lite/21.1/nios2eds/bin/gnu/H-x86_64-pc-linux-gnu/bin/../lib/gcc/nios2-elf/11.2.1/../../../../../H-x86_64-pc-linux-gnu/nios2-elf/lib/libc.a(lib_a-vfprintf.o)
 .text.___vfprintf_internal_r
                0x0000000000050f34     0x2010 /home/allan/intelFPGA_lite/21.1/nios2eds/bin/gnu/H-x86_64-pc-linux-gnu/bin/../lib/gcc/nios2-elf/11.2.1/../../../../../H-x86_64-pc-linux-gnu/nios2-elf/lib/libc.a(lib_a-vfprintf.o)
                0x0000000000050f34                ___vfprintf_internal_r
 .text.__vfprintf_internal
                0x0000000000052f44       0x1c /home/allan/intelFPGA_lite/21.1/nios2eds/bin/gnu/H-x86_64-pc-linux-gnu/bin/../lib/gcc/nios2-elf/11.2.1/../../../../../H-x86_64-pc-linux-gnu/nios2-elf/lib/libc.a(lib_a-vfprintf.o)
                0x0000000000052f44                __vfprintf_internal
 .text.__sbprintf
                0x0000000000052f60       0xc0 /home/allan/intelFPGA_lite/21.1/nios2eds/bin/gnu/H-x86_64-pc-linux-gnu/bin/../lib/gcc/nios2-elf/11.2.1/../../../../../H-x86_64-pc-linux-gnu/nios2-elf/lib/libc.a(lib_a-vfprintf.o)
 .text          0x0000000000053020        0x0 /home/allan/intelFPGA_lite/21.1/nios2eds/bin/gnu/H-x86_64-pc-linux-gnu/bin/../lib/gcc/nios2-elf/11.2.1/../../../../../H-x86_64-pc-linux-gnu/nios2-elf/lib/libc.a(lib_a-vfscanf.o)
 .text.__svfscanf_r
                0x0000000000053020     0x18b8 /home/allan/intelFPGA_lite/21.1/nios2eds/bin/gnu/H-x86_64-pc-linux-gnu/bin/../lib/gcc/nios2-elf/11.2.1/../../../../../H-x86_64-pc-linux-gnu/nios2-elf/lib/libc.a(lib_a-vfscanf.o)
                0x0000000000053020                __svfscanf_r
 .text.vfscanf  0x00000000000548d8       0x68 /home/allan/intelFPGA_lite/21.1/nios2eds/bin/gnu/H-x86_64-pc-linux-gnu/bin/../lib/gcc/nios2-elf/11.2.1/../../../../../H-x86_64-pc-linux-gnu/nios2-elf/lib/libc.a(lib_a-vfscanf.o)
                0x00000000000548d8                vfscanf
 .text.__svfscanf
                0x0000000000054940       0x1c /home/allan/intelFPGA_lite/21.1/nios2eds/bin/gnu/H-x86_64-pc-linux-gnu/bin/../lib/gcc/nios2-elf/11.2.1/../../../../../H-x86_64-pc-linux-gnu/nios2-elf/lib/libc.a(lib_a-vfscanf.o)
                0x0000000000054940                __svfscanf
 .text._vfscanf_r
                0x000000000005495c       0x50 /home/allan/intelFPGA_lite/21.1/nios2eds/bin/gnu/H-x86_64-pc-linux-gnu/bin/../lib/gcc/nios2-elf/11.2.1/../../../../../H-x86_64-pc-linux-gnu/nios2-elf/lib/libc.a(lib_a-vfscanf.o)
                0x000000000005495c                _vfscanf_r
 .text          0x00000000000549ac        0x0 /home/allan/intelFPGA_lite/21.1/nios2eds/bin/gnu/H-x86_64-pc-linux-gnu/bin/../lib/gcc/nios2-elf/11.2.1/../../../../../H-x86_64-pc-linux-gnu/nios2-elf/lib/libc.a(lib_a-wsetup.o)
 .text.__swsetup_r
                0x00000000000549ac      0x164 /home/allan/intelFPGA_lite/21.1/nios2eds/bin/gnu/H-x86_64-pc-linux-gnu/bin/../lib/gcc/nios2-elf/11.2.1/../../../../../H-x86_64-pc-linux-gnu/nios2-elf/lib/libc.a(lib_a-wsetup.o)
                0x00000000000549ac                __swsetup_r
 .text          0x0000000000054b10        0x0 /home/allan/intelFPGA_lite/21.1/nios2eds/bin/gnu/H-x86_64-pc-linux-gnu/bin/../lib/gcc/nios2-elf/11.2.1/../../../../../H-x86_64-pc-linux-gnu/nios2-elf/lib/libc.a(lib_a-ctype_.o)
 .text          0x0000000000054b10        0x0 /home/allan/intelFPGA_lite/21.1/nios2eds/bin/gnu/H-x86_64-pc-linux-gnu/bin/../lib/gcc/nios2-elf/11.2.1/../../../../../H-x86_64-pc-linux-gnu/nios2-elf/lib/libc.a(lib_a-dtoa.o)
 .text.quorem   0x0000000000054b10      0x1fc /home/allan/intelFPGA_lite/21.1/nios2eds/bin/gnu/H-x86_64-pc-linux-gnu/bin/../lib/gcc/nios2-elf/11.2.1/../../../../../H-x86_64-pc-linux-gnu/nios2-elf/lib/libc.a(lib_a-dtoa.o)
 .text._dtoa_r  0x0000000000054d0c     0x175c /home/allan/intelFPGA_lite/21.1/nios2eds/bin/gnu/H-x86_64-pc-linux-gnu/bin/../lib/gcc/nios2-elf/11.2.1/../../../../../H-x86_64-pc-linux-gnu/nios2-elf/lib/libc.a(lib_a-dtoa.o)
                0x0000000000054d0c                _dtoa_r
 .text          0x0000000000056468        0x0 /home/allan/intelFPGA_lite/21.1/nios2eds/bin/gnu/H-x86_64-pc-linux-gnu/bin/../lib/gcc/nios2-elf/11.2.1/../../../../../H-x86_64-pc-linux-gnu/nios2-elf/lib/libc.a(lib_a-fflush.o)
 .text.__sflush_r
                0x0000000000056468      0x228 /home/allan/intelFPGA_lite/21.1/nios2eds/bin/gnu/H-x86_64-pc-linux-gnu/bin/../lib/gcc/nios2-elf/11.2.1/../../../../../H-x86_64-pc-linux-gnu/nios2-elf/lib/libc.a(lib_a-fflush.o)
                0x0000000000056468                __sflush_r
 .text._fflush_r
                0x0000000000056690       0x60 /home/allan/intelFPGA_lite/21.1/nios2eds/bin/gnu/H-x86_64-pc-linux-gnu/bin/../lib/gcc/nios2-elf/11.2.1/../../../../../H-x86_64-pc-linux-gnu/nios2-elf/lib/libc.a(lib_a-fflush.o)
                0x0000000000056690                _fflush_r
 .text.fflush   0x00000000000566f0       0x84 /home/allan/intelFPGA_lite/21.1/nios2eds/bin/gnu/H-x86_64-pc-linux-gnu/bin/../lib/gcc/nios2-elf/11.2.1/../../../../../H-x86_64-pc-linux-gnu/nios2-elf/lib/libc.a(lib_a-fflush.o)
                0x00000000000566f0                fflush
 .text          0x0000000000056774        0x0 /home/allan/intelFPGA_lite/21.1/nios2eds/bin/gnu/H-x86_64-pc-linux-gnu/bin/../lib/gcc/nios2-elf/11.2.1/../../../../../H-x86_64-pc-linux-gnu/nios2-elf/lib/libc.a(lib_a-findfp.o)
 .text.__fp_lock
                0x0000000000056774        0x8 /home/allan/intelFPGA_lite/21.1/nios2eds/bin/gnu/H-x86_64-pc-linux-gnu/bin/../lib/gcc/nios2-elf/11.2.1/../../../../../H-x86_64-pc-linux-gnu/nios2-elf/lib/libc.a(lib_a-findfp.o)
 .text._cleanup_r
                0x000000000005677c        0xc /home/allan/intelFPGA_lite/21.1/nios2eds/bin/gnu/H-x86_64-pc-linux-gnu/bin/../lib/gcc/nios2-elf/11.2.1/../../../../../H-x86_64-pc-linux-gnu/nios2-elf/lib/libc.a(lib_a-findfp.o)
                0x000000000005677c                _cleanup_r
 .text.__fp_unlock
                0x0000000000056788        0x8 /home/allan/intelFPGA_lite/21.1/nios2eds/bin/gnu/H-x86_64-pc-linux-gnu/bin/../lib/gcc/nios2-elf/11.2.1/../../../../../H-x86_64-pc-linux-gnu/nios2-elf/lib/libc.a(lib_a-findfp.o)
 .text.__sinit.part.0
                0x0000000000056790      0x168 /home/allan/intelFPGA_lite/21.1/nios2eds/bin/gnu/H-x86_64-pc-linux-gnu/bin/../lib/gcc/nios2-elf/11.2.1/../../../../../H-x86_64-pc-linux-gnu/nios2-elf/lib/libc.a(lib_a-findfp.o)
 .text.__sfmoreglue
                0x00000000000568f8       0x68 /home/allan/intelFPGA_lite/21.1/nios2eds/bin/gnu/H-x86_64-pc-linux-gnu/bin/../lib/gcc/nios2-elf/11.2.1/../../../../../H-x86_64-pc-linux-gnu/nios2-elf/lib/libc.a(lib_a-findfp.o)
                0x00000000000568f8                __sfmoreglue
 .text.__sfp    0x0000000000056960      0x13c /home/allan/intelFPGA_lite/21.1/nios2eds/bin/gnu/H-x86_64-pc-linux-gnu/bin/../lib/gcc/nios2-elf/11.2.1/../../../../../H-x86_64-pc-linux-gnu/nios2-elf/lib/libc.a(lib_a-findfp.o)
                0x0000000000056960                __sfp
 .text._cleanup
                0x0000000000056a9c       0x14 /home/allan/intelFPGA_lite/21.1/nios2eds/bin/gnu/H-x86_64-pc-linux-gnu/bin/../lib/gcc/nios2-elf/11.2.1/../../../../../H-x86_64-pc-linux-gnu/nios2-elf/lib/libc.a(lib_a-findfp.o)
                0x0000000000056a9c                _cleanup
 .text.__sinit  0x0000000000056ab0       0x10 /home/allan/intelFPGA_lite/21.1/nios2eds/bin/gnu/H-x86_64-pc-linux-gnu/bin/../lib/gcc/nios2-elf/11.2.1/../../../../../H-x86_64-pc-linux-gnu/nios2-elf/lib/libc.a(lib_a-findfp.o)
                0x0000000000056ab0                __sinit
 .text.__sfp_lock_acquire
                0x0000000000056ac0        0x4 /home/allan/intelFPGA_lite/21.1/nios2eds/bin/gnu/H-x86_64-pc-linux-gnu/bin/../lib/gcc/nios2-elf/11.2.1/../../../../../H-x86_64-pc-linux-gnu/nios2-elf/lib/libc.a(lib_a-findfp.o)
                0x0000000000056ac0                __sfp_lock_acquire
 .text.__sfp_lock_release
                0x0000000000056ac4        0x4 /home/allan/intelFPGA_lite/21.1/nios2eds/bin/gnu/H-x86_64-pc-linux-gnu/bin/../lib/gcc/nios2-elf/11.2.1/../../../../../H-x86_64-pc-linux-gnu/nios2-elf/lib/libc.a(lib_a-findfp.o)
                0x0000000000056ac4                __sfp_lock_release
 .text.__sinit_lock_acquire
                0x0000000000056ac8        0x4 /home/allan/intelFPGA_lite/21.1/nios2eds/bin/gnu/H-x86_64-pc-linux-gnu/bin/../lib/gcc/nios2-elf/11.2.1/../../../../../H-x86_64-pc-linux-gnu/nios2-elf/lib/libc.a(lib_a-findfp.o)
                0x0000000000056ac8                __sinit_lock_acquire
 .text.__sinit_lock_release
                0x0000000000056acc        0x4 /home/allan/intelFPGA_lite/21.1/nios2eds/bin/gnu/H-x86_64-pc-linux-gnu/bin/../lib/gcc/nios2-elf/11.2.1/../../../../../H-x86_64-pc-linux-gnu/nios2-elf/lib/libc.a(lib_a-findfp.o)
                0x0000000000056acc                __sinit_lock_release
 .text.__fp_lock_all
                0x0000000000056ad0       0x14 /home/allan/intelFPGA_lite/21.1/nios2eds/bin/gnu/H-x86_64-pc-linux-gnu/bin/../lib/gcc/nios2-elf/11.2.1/../../../../../H-x86_64-pc-linux-gnu/nios2-elf/lib/libc.a(lib_a-findfp.o)
                0x0000000000056ad0                __fp_lock_all
 .text.__fp_unlock_all
                0x0000000000056ae4       0x14 /home/allan/intelFPGA_lite/21.1/nios2eds/bin/gnu/H-x86_64-pc-linux-gnu/bin/../lib/gcc/nios2-elf/11.2.1/../../../../../H-x86_64-pc-linux-gnu/nios2-elf/lib/libc.a(lib_a-findfp.o)
                0x0000000000056ae4                __fp_unlock_all
 .text          0x0000000000056af8        0x0 /home/allan/intelFPGA_lite/21.1/nios2eds/bin/gnu/H-x86_64-pc-linux-gnu/bin/../lib/gcc/nios2-elf/11.2.1/../../../../../H-x86_64-pc-linux-gnu/nios2-elf/lib/libc.a(lib_a-fread.o)
 .text._fread_r
                0x0000000000056af8      0x244 /home/allan/intelFPGA_lite/21.1/nios2eds/bin/gnu/H-x86_64-pc-linux-gnu/bin/../lib/gcc/nios2-elf/11.2.1/../../../../../H-x86_64-pc-linux-gnu/nios2-elf/lib/libc.a(lib_a-fread.o)
                0x0000000000056af8                _fread_r
 .text.fread    0x0000000000056d3c       0x34 /home/allan/intelFPGA_lite/21.1/nios2eds/bin/gnu/H-x86_64-pc-linux-gnu/bin/../lib/gcc/nios2-elf/11.2.1/../../../../../H-x86_64-pc-linux-gnu/nios2-elf/lib/libc.a(lib_a-fread.o)
                0x0000000000056d3c                fread
 .text          0x0000000000056d70        0x0 /home/allan/intelFPGA_lite/21.1/nios2eds/bin/gnu/H-x86_64-pc-linux-gnu/bin/../lib/gcc/nios2-elf/11.2.1/../../../../../H-x86_64-pc-linux-gnu/nios2-elf/lib/libc.a(lib_a-freer.o)
 .text._malloc_trim_r
                0x0000000000056d70      0x11c /home/allan/intelFPGA_lite/21.1/nios2eds/bin/gnu/H-x86_64-pc-linux-gnu/bin/../lib/gcc/nios2-elf/11.2.1/../../../../../H-x86_64-pc-linux-gnu/nios2-elf/lib/libc.a(lib_a-freer.o)
                0x0000000000056d70                _malloc_trim_r
 .text._free_r  0x0000000000056e8c      0x2fc /home/allan/intelFPGA_lite/21.1/nios2eds/bin/gnu/H-x86_64-pc-linux-gnu/bin/../lib/gcc/nios2-elf/11.2.1/../../../../../H-x86_64-pc-linux-gnu/nios2-elf/lib/libc.a(lib_a-freer.o)
                0x0000000000056e8c                _free_r
 .text          0x0000000000057188        0x0 /home/allan/intelFPGA_lite/21.1/nios2eds/bin/gnu/H-x86_64-pc-linux-gnu/bin/../lib/gcc/nios2-elf/11.2.1/../../../../../H-x86_64-pc-linux-gnu/nios2-elf/lib/libc.a(lib_a-fvwrite.o)
 .text.__sfvwrite_r
                0x0000000000057188      0x4bc /home/allan/intelFPGA_lite/21.1/nios2eds/bin/gnu/H-x86_64-pc-linux-gnu/bin/../lib/gcc/nios2-elf/11.2.1/../../../../../H-x86_64-pc-linux-gnu/nios2-elf/lib/libc.a(lib_a-fvwrite.o)
                0x0000000000057188                __sfvwrite_r
 .text          0x0000000000057644        0x0 /home/allan/intelFPGA_lite/21.1/nios2eds/bin/gnu/H-x86_64-pc-linux-gnu/bin/../lib/gcc/nios2-elf/11.2.1/../../../../../H-x86_64-pc-linux-gnu/nios2-elf/lib/libc.a(lib_a-fwalk.o)
 .text._fwalk   0x0000000000057644       0x98 /home/allan/intelFPGA_lite/21.1/nios2eds/bin/gnu/H-x86_64-pc-linux-gnu/bin/../lib/gcc/nios2-elf/11.2.1/../../../../../H-x86_64-pc-linux-gnu/nios2-elf/lib/libc.a(lib_a-fwalk.o)
                0x0000000000057644                _fwalk
 .text._fwalk_reent
                0x00000000000576dc       0xa8 /home/allan/intelFPGA_lite/21.1/nios2eds/bin/gnu/H-x86_64-pc-linux-gnu/bin/../lib/gcc/nios2-elf/11.2.1/../../../../../H-x86_64-pc-linux-gnu/nios2-elf/lib/libc.a(lib_a-fwalk.o)
                0x00000000000576dc                _fwalk_reent
 .text          0x0000000000057784        0x0 /home/allan/intelFPGA_lite/21.1/nios2eds/bin/gnu/H-x86_64-pc-linux-gnu/bin/../lib/gcc/nios2-elf/11.2.1/../../../../../H-x86_64-pc-linux-gnu/nios2-elf/lib/libc.a(lib_a-iswspace.o)
 .text.iswspace
                0x0000000000057784        0x8 /home/allan/intelFPGA_lite/21.1/nios2eds/bin/gnu/H-x86_64-pc-linux-gnu/bin/../lib/gcc/nios2-elf/11.2.1/../../../../../H-x86_64-pc-linux-gnu/nios2-elf/lib/libc.a(lib_a-iswspace.o)
                0x0000000000057784                iswspace
 .text          0x000000000005778c        0x0 /home/allan/intelFPGA_lite/21.1/nios2eds/bin/gnu/H-x86_64-pc-linux-gnu/bin/../lib/gcc/nios2-elf/11.2.1/../../../../../H-x86_64-pc-linux-gnu/nios2-elf/lib/libc.a(lib_a-iswspace_l.o)
 .text.iswspace_l
                0x000000000005778c       0x24 /home/allan/intelFPGA_lite/21.1/nios2eds/bin/gnu/H-x86_64-pc-linux-gnu/bin/../lib/gcc/nios2-elf/11.2.1/../../../../../H-x86_64-pc-linux-gnu/nios2-elf/lib/libc.a(lib_a-iswspace_l.o)
                0x000000000005778c                iswspace_l
 .text          0x00000000000577b0        0x0 /home/allan/intelFPGA_lite/21.1/nios2eds/bin/gnu/H-x86_64-pc-linux-gnu/bin/../lib/gcc/nios2-elf/11.2.1/../../../../../H-x86_64-pc-linux-gnu/nios2-elf/lib/libc.a(lib_a-locale.o)
 .text._setlocale_r
                0x00000000000577b0       0x74 /home/allan/intelFPGA_lite/21.1/nios2eds/bin/gnu/H-x86_64-pc-linux-gnu/bin/../lib/gcc/nios2-elf/11.2.1/../../../../../H-x86_64-pc-linux-gnu/nios2-elf/lib/libc.a(lib_a-locale.o)
                0x00000000000577b0                _setlocale_r
 .text.__locale_mb_cur_max
                0x0000000000057824        0xc /home/allan/intelFPGA_lite/21.1/nios2eds/bin/gnu/H-x86_64-pc-linux-gnu/bin/../lib/gcc/nios2-elf/11.2.1/../../../../../H-x86_64-pc-linux-gnu/nios2-elf/lib/libc.a(lib_a-locale.o)
                0x0000000000057824                __locale_mb_cur_max
 .text.setlocale
                0x0000000000057830       0x74 /home/allan/intelFPGA_lite/21.1/nios2eds/bin/gnu/H-x86_64-pc-linux-gnu/bin/../lib/gcc/nios2-elf/11.2.1/../../../../../H-x86_64-pc-linux-gnu/nios2-elf/lib/libc.a(lib_a-locale.o)
                0x0000000000057830                setlocale
 .text          0x00000000000578a4        0x0 /home/allan/intelFPGA_lite/21.1/nios2eds/bin/gnu/H-x86_64-pc-linux-gnu/bin/../lib/gcc/nios2-elf/11.2.1/../../../../../H-x86_64-pc-linux-gnu/nios2-elf/lib/libc.a(lib_a-localeconv.o)
 .text.__localeconv_l
                0x00000000000578a4        0x8 /home/allan/intelFPGA_lite/21.1/nios2eds/bin/gnu/H-x86_64-pc-linux-gnu/bin/../lib/gcc/nios2-elf/11.2.1/../../../../../H-x86_64-pc-linux-gnu/nios2-elf/lib/libc.a(lib_a-localeconv.o)
                0x00000000000578a4                __localeconv_l
 .text._localeconv_r
                0x00000000000578ac        0xc /home/allan/intelFPGA_lite/21.1/nios2eds/bin/gnu/H-x86_64-pc-linux-gnu/bin/../lib/gcc/nios2-elf/11.2.1/../../../../../H-x86_64-pc-linux-gnu/nios2-elf/lib/libc.a(lib_a-localeconv.o)
                0x00000000000578ac                _localeconv_r
 .text.localeconv
                0x00000000000578b8        0xc /home/allan/intelFPGA_lite/21.1/nios2eds/bin/gnu/H-x86_64-pc-linux-gnu/bin/../lib/gcc/nios2-elf/11.2.1/../../../../../H-x86_64-pc-linux-gnu/nios2-elf/lib/libc.a(lib_a-localeconv.o)
                0x00000000000578b8                localeconv
 .text          0x00000000000578c4        0x0 /home/allan/intelFPGA_lite/21.1/nios2eds/bin/gnu/H-x86_64-pc-linux-gnu/bin/../lib/gcc/nios2-elf/11.2.1/../../../../../H-x86_64-pc-linux-gnu/nios2-elf/lib/libc.a(lib_a-makebuf.o)
 .text.__smakebuf_r
                0x00000000000578c4      0x1b0 /home/allan/intelFPGA_lite/21.1/nios2eds/bin/gnu/H-x86_64-pc-linux-gnu/bin/../lib/gcc/nios2-elf/11.2.1/../../../../../H-x86_64-pc-linux-gnu/nios2-elf/lib/libc.a(lib_a-makebuf.o)
                0x00000000000578c4                __smakebuf_r
 .text.__swhatbuf_r
                0x0000000000057a74       0x90 /home/allan/intelFPGA_lite/21.1/nios2eds/bin/gnu/H-x86_64-pc-linux-gnu/bin/../lib/gcc/nios2-elf/11.2.1/../../../../../H-x86_64-pc-linux-gnu/nios2-elf/lib/libc.a(lib_a-makebuf.o)
                0x0000000000057a74                __swhatbuf_r
 .text          0x0000000000057b04        0x0 /home/allan/intelFPGA_lite/21.1/nios2eds/bin/gnu/H-x86_64-pc-linux-gnu/bin/../lib/gcc/nios2-elf/11.2.1/../../../../../H-x86_64-pc-linux-gnu/nios2-elf/lib/libc.a(lib_a-mallocr.o)
 .text._malloc_r
                0x0000000000057b04      0x7e4 /home/allan/intelFPGA_lite/21.1/nios2eds/bin/gnu/H-x86_64-pc-linux-gnu/bin/../lib/gcc/nios2-elf/11.2.1/../../../../../H-x86_64-pc-linux-gnu/nios2-elf/lib/libc.a(lib_a-mallocr.o)
                0x0000000000057b04                _malloc_r
 .text          0x00000000000582e8        0x0 /home/allan/intelFPGA_lite/21.1/nios2eds/bin/gnu/H-x86_64-pc-linux-gnu/bin/../lib/gcc/nios2-elf/11.2.1/../../../../../H-x86_64-pc-linux-gnu/nios2-elf/lib/libc.a(lib_a-mbrtowc.o)
 .text._mbrtowc_r
                0x00000000000582e8       0x7c /home/allan/intelFPGA_lite/21.1/nios2eds/bin/gnu/H-x86_64-pc-linux-gnu/bin/../lib/gcc/nios2-elf/11.2.1/../../../../../H-x86_64-pc-linux-gnu/nios2-elf/lib/libc.a(lib_a-mbrtowc.o)
                0x00000000000582e8                _mbrtowc_r
 .text.mbrtowc  0x0000000000058364       0x90 /home/allan/intelFPGA_lite/21.1/nios2eds/bin/gnu/H-x86_64-pc-linux-gnu/bin/../lib/gcc/nios2-elf/11.2.1/../../../../../H-x86_64-pc-linux-gnu/nios2-elf/lib/libc.a(lib_a-mbrtowc.o)
                0x0000000000058364                mbrtowc
 .text          0x00000000000583f4        0x0 /home/allan/intelFPGA_lite/21.1/nios2eds/bin/gnu/H-x86_64-pc-linux-gnu/bin/../lib/gcc/nios2-elf/11.2.1/../../../../../H-x86_64-pc-linux-gnu/nios2-elf/lib/libc.a(lib_a-mbtowc_r.o)
 .text._mbtowc_r
                0x00000000000583f4        0xc /home/allan/intelFPGA_lite/21.1/nios2eds/bin/gnu/H-x86_64-pc-linux-gnu/bin/../lib/gcc/nios2-elf/11.2.1/../../../../../H-x86_64-pc-linux-gnu/nios2-elf/lib/libc.a(lib_a-mbtowc_r.o)
                0x00000000000583f4                _mbtowc_r
 .text.__ascii_mbtowc
                0x0000000000058400       0x44 /home/allan/intelFPGA_lite/21.1/nios2eds/bin/gnu/H-x86_64-pc-linux-gnu/bin/../lib/gcc/nios2-elf/11.2.1/../../../../../H-x86_64-pc-linux-gnu/nios2-elf/lib/libc.a(lib_a-mbtowc_r.o)
                0x0000000000058400                __ascii_mbtowc
 .text          0x0000000000058444        0x0 /home/allan/intelFPGA_lite/21.1/nios2eds/bin/gnu/H-x86_64-pc-linux-gnu/bin/../lib/gcc/nios2-elf/11.2.1/../../../../../H-x86_64-pc-linux-gnu/nios2-elf/lib/libc.a(lib_a-memchr.o)
 .text.memchr   0x0000000000058444       0xcc /home/allan/intelFPGA_lite/21.1/nios2eds/bin/gnu/H-x86_64-pc-linux-gnu/bin/../lib/gcc/nios2-elf/11.2.1/../../../../../H-x86_64-pc-linux-gnu/nios2-elf/lib/libc.a(lib_a-memchr.o)
                0x0000000000058444                memchr
 .text          0x0000000000058510        0x0 /home/allan/intelFPGA_lite/21.1/nios2eds/bin/gnu/H-x86_64-pc-linux-gnu/bin/../lib/gcc/nios2-elf/11.2.1/../../../../../H-x86_64-pc-linux-gnu/nios2-elf/lib/libc.a(lib_a-memcpy.o)
 .text.memcpy   0x0000000000058510      0x100 /home/allan/intelFPGA_lite/21.1/nios2eds/bin/gnu/H-x86_64-pc-linux-gnu/bin/../lib/gcc/nios2-elf/11.2.1/../../../../../H-x86_64-pc-linux-gnu/nios2-elf/lib/libc.a(lib_a-memcpy.o)
                0x0000000000058510                memcpy
 .text          0x0000000000058610        0x0 /home/allan/intelFPGA_lite/21.1/nios2eds/bin/gnu/H-x86_64-pc-linux-gnu/bin/../lib/gcc/nios2-elf/11.2.1/../../../../../H-x86_64-pc-linux-gnu/nios2-elf/lib/libc.a(lib_a-memmove.o)
 .text.memmove  0x0000000000058610      0x12c /home/allan/intelFPGA_lite/21.1/nios2eds/bin/gnu/H-x86_64-pc-linux-gnu/bin/../lib/gcc/nios2-elf/11.2.1/../../../../../H-x86_64-pc-linux-gnu/nios2-elf/lib/libc.a(lib_a-memmove.o)
                0x0000000000058610                memmove
 .text          0x000000000005873c        0x0 /home/allan/intelFPGA_lite/21.1/nios2eds/bin/gnu/H-x86_64-pc-linux-gnu/bin/../lib/gcc/nios2-elf/11.2.1/../../../../../H-x86_64-pc-linux-gnu/nios2-elf/lib/libc.a(lib_a-memset.o)
 .text.memset   0x000000000005873c       0xf4 /home/allan/intelFPGA_lite/21.1/nios2eds/bin/gnu/H-x86_64-pc-linux-gnu/bin/../lib/gcc/nios2-elf/11.2.1/../../../../../H-x86_64-pc-linux-gnu/nios2-elf/lib/libc.a(lib_a-memset.o)
                0x000000000005873c                memset
 .text          0x0000000000058830        0x0 /home/allan/intelFPGA_lite/21.1/nios2eds/bin/gnu/H-x86_64-pc-linux-gnu/bin/../lib/gcc/nios2-elf/11.2.1/../../../../../H-x86_64-pc-linux-gnu/nios2-elf/lib/libc.a(lib_a-mprec.o)
 .text._Balloc  0x0000000000058830       0xa4 /home/allan/intelFPGA_lite/21.1/nios2eds/bin/gnu/H-x86_64-pc-linux-gnu/bin/../lib/gcc/nios2-elf/11.2.1/../../../../../H-x86_64-pc-linux-gnu/nios2-elf/lib/libc.a(lib_a-mprec.o)
                0x0000000000058830                _Balloc
 .text._Bfree   0x00000000000588d4       0x24 /home/allan/intelFPGA_lite/21.1/nios2eds/bin/gnu/H-x86_64-pc-linux-gnu/bin/../lib/gcc/nios2-elf/11.2.1/../../../../../H-x86_64-pc-linux-gnu/nios2-elf/lib/libc.a(lib_a-mprec.o)
                0x00000000000588d4                _Bfree
 .text.__multadd
                0x00000000000588f8      0x138 /home/allan/intelFPGA_lite/21.1/nios2eds/bin/gnu/H-x86_64-pc-linux-gnu/bin/../lib/gcc/nios2-elf/11.2.1/../../../../../H-x86_64-pc-linux-gnu/nios2-elf/lib/libc.a(lib_a-mprec.o)
                0x00000000000588f8                __multadd
 .text.__s2b    0x0000000000058a30      0x138 /home/allan/intelFPGA_lite/21.1/nios2eds/bin/gnu/H-x86_64-pc-linux-gnu/bin/../lib/gcc/nios2-elf/11.2.1/../../../../../H-x86_64-pc-linux-gnu/nios2-elf/lib/libc.a(lib_a-mprec.o)
                0x0000000000058a30                __s2b
 .text.__hi0bits
                0x0000000000058b68       0x64 /home/allan/intelFPGA_lite/21.1/nios2eds/bin/gnu/H-x86_64-pc-linux-gnu/bin/../lib/gcc/nios2-elf/11.2.1/../../../../../H-x86_64-pc-linux-gnu/nios2-elf/lib/libc.a(lib_a-mprec.o)
                0x0000000000058b68                __hi0bits
 .text.__lo0bits
                0x0000000000058bcc       0xb0 /home/allan/intelFPGA_lite/21.1/nios2eds/bin/gnu/H-x86_64-pc-linux-gnu/bin/../lib/gcc/nios2-elf/11.2.1/../../../../../H-x86_64-pc-linux-gnu/nios2-elf/lib/libc.a(lib_a-mprec.o)
                0x0000000000058bcc                __lo0bits
 .text.__i2b    0x0000000000058c7c       0xb0 /home/allan/intelFPGA_lite/21.1/nios2eds/bin/gnu/H-x86_64-pc-linux-gnu/bin/../lib/gcc/nios2-elf/11.2.1/../../../../../H-x86_64-pc-linux-gnu/nios2-elf/lib/libc.a(lib_a-mprec.o)
                0x0000000000058c7c                __i2b
 .text.__multiply
                0x0000000000058d2c      0x254 /home/allan/intelFPGA_lite/21.1/nios2eds/bin/gnu/H-x86_64-pc-linux-gnu/bin/../lib/gcc/nios2-elf/11.2.1/../../../../../H-x86_64-pc-linux-gnu/nios2-elf/lib/libc.a(lib_a-mprec.o)
                0x0000000000058d2c                __multiply
 .text.__pow5mult
                0x0000000000058f80      0x148 /home/allan/intelFPGA_lite/21.1/nios2eds/bin/gnu/H-x86_64-pc-linux-gnu/bin/../lib/gcc/nios2-elf/11.2.1/../../../../../H-x86_64-pc-linux-gnu/nios2-elf/lib/libc.a(lib_a-mprec.o)
                0x0000000000058f80                __pow5mult
 .text.__lshift
                0x00000000000590c8      0x188 /home/allan/intelFPGA_lite/21.1/nios2eds/bin/gnu/H-x86_64-pc-linux-gnu/bin/../lib/gcc/nios2-elf/11.2.1/../../../../../H-x86_64-pc-linux-gnu/nios2-elf/lib/libc.a(lib_a-mprec.o)
                0x00000000000590c8                __lshift
 .text.__mcmp   0x0000000000059250       0x58 /home/allan/intelFPGA_lite/21.1/nios2eds/bin/gnu/H-x86_64-pc-linux-gnu/bin/../lib/gcc/nios2-elf/11.2.1/../../../../../H-x86_64-pc-linux-gnu/nios2-elf/lib/libc.a(lib_a-mprec.o)
                0x0000000000059250                __mcmp
 .text.__mdiff  0x00000000000592a8      0x22c /home/allan/intelFPGA_lite/21.1/nios2eds/bin/gnu/H-x86_64-pc-linux-gnu/bin/../lib/gcc/nios2-elf/11.2.1/../../../../../H-x86_64-pc-linux-gnu/nios2-elf/lib/libc.a(lib_a-mprec.o)
                0x00000000000592a8                __mdiff
 .text.__ulp    0x00000000000594d4       0x60 /home/allan/intelFPGA_lite/21.1/nios2eds/bin/gnu/H-x86_64-pc-linux-gnu/bin/../lib/gcc/nios2-elf/11.2.1/../../../../../H-x86_64-pc-linux-gnu/nios2-elf/lib/libc.a(lib_a-mprec.o)
                0x00000000000594d4                __ulp
 .text.__b2d    0x0000000000059534       0xf8 /home/allan/intelFPGA_lite/21.1/nios2eds/bin/gnu/H-x86_64-pc-linux-gnu/bin/../lib/gcc/nios2-elf/11.2.1/../../../../../H-x86_64-pc-linux-gnu/nios2-elf/lib/libc.a(lib_a-mprec.o)
                0x0000000000059534                __b2d
 .text.__d2b    0x000000000005962c      0x158 /home/allan/intelFPGA_lite/21.1/nios2eds/bin/gnu/H-x86_64-pc-linux-gnu/bin/../lib/gcc/nios2-elf/11.2.1/../../../../../H-x86_64-pc-linux-gnu/nios2-elf/lib/libc.a(lib_a-mprec.o)
                0x000000000005962c                __d2b
 .text.__ratio  0x0000000000059784       0xa8 /home/allan/intelFPGA_lite/21.1/nios2eds/bin/gnu/H-x86_64-pc-linux-gnu/bin/../lib/gcc/nios2-elf/11.2.1/../../../../../H-x86_64-pc-linux-gnu/nios2-elf/lib/libc.a(lib_a-mprec.o)
                0x0000000000059784                __ratio
 .text._mprec_log10
                0x000000000005982c       0x70 /home/allan/intelFPGA_lite/21.1/nios2eds/bin/gnu/H-x86_64-pc-linux-gnu/bin/../lib/gcc/nios2-elf/11.2.1/../../../../../H-x86_64-pc-linux-gnu/nios2-elf/lib/libc.a(lib_a-mprec.o)
                0x000000000005982c                _mprec_log10
 .text.__copybits
                0x000000000005989c       0x7c /home/allan/intelFPGA_lite/21.1/nios2eds/bin/gnu/H-x86_64-pc-linux-gnu/bin/../lib/gcc/nios2-elf/11.2.1/../../../../../H-x86_64-pc-linux-gnu/nios2-elf/lib/libc.a(lib_a-mprec.o)
                0x000000000005989c                __copybits
 .text.__any_on
                0x0000000000059918       0x60 /home/allan/intelFPGA_lite/21.1/nios2eds/bin/gnu/H-x86_64-pc-linux-gnu/bin/../lib/gcc/nios2-elf/11.2.1/../../../../../H-x86_64-pc-linux-gnu/nios2-elf/lib/libc.a(lib_a-mprec.o)
                0x0000000000059918                __any_on
 .text          0x0000000000059978        0x0 /home/allan/intelFPGA_lite/21.1/nios2eds/bin/gnu/H-x86_64-pc-linux-gnu/bin/../lib/gcc/nios2-elf/11.2.1/../../../../../H-x86_64-pc-linux-gnu/nios2-elf/lib/libc.a(lib_a-reallocr.o)
 .text._realloc_r
                0x0000000000059978      0x570 /home/allan/intelFPGA_lite/21.1/nios2eds/bin/gnu/H-x86_64-pc-linux-gnu/bin/../lib/gcc/nios2-elf/11.2.1/../../../../../H-x86_64-pc-linux-gnu/nios2-elf/lib/libc.a(lib_a-reallocr.o)
                0x0000000000059978                _realloc_r
 .text          0x0000000000059ee8        0x0 /home/allan/intelFPGA_lite/21.1/nios2eds/bin/gnu/H-x86_64-pc-linux-gnu/bin/../lib/gcc/nios2-elf/11.2.1/../../../../../H-x86_64-pc-linux-gnu/nios2-elf/lib/libc.a(lib_a-refill.o)
 .text.lflush   0x0000000000059ee8       0x1c /home/allan/intelFPGA_lite/21.1/nios2eds/bin/gnu/H-x86_64-pc-linux-gnu/bin/../lib/gcc/nios2-elf/11.2.1/../../../../../H-x86_64-pc-linux-gnu/nios2-elf/lib/libc.a(lib_a-refill.o)
 .text.__srefill_r
                0x0000000000059f04      0x1cc /home/allan/intelFPGA_lite/21.1/nios2eds/bin/gnu/H-x86_64-pc-linux-gnu/bin/../lib/gcc/nios2-elf/11.2.1/../../../../../H-x86_64-pc-linux-gnu/nios2-elf/lib/libc.a(lib_a-refill.o)
                0x0000000000059f04                __srefill_r
 .text          0x000000000005a0d0        0x0 /home/allan/intelFPGA_lite/21.1/nios2eds/bin/gnu/H-x86_64-pc-linux-gnu/bin/../lib/gcc/nios2-elf/11.2.1/../../../../../H-x86_64-pc-linux-gnu/nios2-elf/lib/libc.a(lib_a-sbrkr.o)
 .text._sbrk_r  0x000000000005a0d0       0x58 /home/allan/intelFPGA_lite/21.1/nios2eds/bin/gnu/H-x86_64-pc-linux-gnu/bin/../lib/gcc/nios2-elf/11.2.1/../../../../../H-x86_64-pc-linux-gnu/nios2-elf/lib/libc.a(lib_a-sbrkr.o)
                0x000000000005a0d0                _sbrk_r
 .text          0x000000000005a128        0x0 /home/allan/intelFPGA_lite/21.1/nios2eds/bin/gnu/H-x86_64-pc-linux-gnu/bin/../lib/gcc/nios2-elf/11.2.1/../../../../../H-x86_64-pc-linux-gnu/nios2-elf/lib/libc.a(lib_a-sccl.o)
 .text.__sccl   0x000000000005a128      0x148 /home/allan/intelFPGA_lite/21.1/nios2eds/bin/gnu/H-x86_64-pc-linux-gnu/bin/../lib/gcc/nios2-elf/11.2.1/../../../../../H-x86_64-pc-linux-gnu/nios2-elf/lib/libc.a(lib_a-sccl.o)
                0x000000000005a128                __sccl
 .text          0x000000000005a270        0x0 /home/allan/intelFPGA_lite/21.1/nios2eds/bin/gnu/H-x86_64-pc-linux-gnu/bin/../lib/gcc/nios2-elf/11.2.1/../../../../../H-x86_64-pc-linux-gnu/nios2-elf/lib/libc.a(lib_a-sprintf.o)
 .text._sprintf_r
                0x000000000005a270       0x54 /home/allan/intelFPGA_lite/21.1/nios2eds/bin/gnu/H-x86_64-pc-linux-gnu/bin/../lib/gcc/nios2-elf/11.2.1/../../../../../H-x86_64-pc-linux-gnu/nios2-elf/lib/libc.a(lib_a-sprintf.o)
                0x000000000005a270                _sprintf_r
 .text.sprintf  0x000000000005a2c4       0x64 /home/allan/intelFPGA_lite/21.1/nios2eds/bin/gnu/H-x86_64-pc-linux-gnu/bin/../lib/gcc/nios2-elf/11.2.1/../../../../../H-x86_64-pc-linux-gnu/nios2-elf/lib/libc.a(lib_a-sprintf.o)
                0x000000000005a2c4                sprintf
 .text          0x000000000005a328        0x0 /home/allan/intelFPGA_lite/21.1/nios2eds/bin/gnu/H-x86_64-pc-linux-gnu/bin/../lib/gcc/nios2-elf/11.2.1/../../../../../H-x86_64-pc-linux-gnu/nios2-elf/lib/libc.a(lib_a-stdio.o)
 .text.__sread  0x000000000005a328       0x54 /home/allan/intelFPGA_lite/21.1/nios2eds/bin/gnu/H-x86_64-pc-linux-gnu/bin/../lib/gcc/nios2-elf/11.2.1/../../../../../H-x86_64-pc-linux-gnu/nios2-elf/lib/libc.a(lib_a-stdio.o)
                0x000000000005a328                __sread
 .text.__seofread
                0x000000000005a37c        0x8 /home/allan/intelFPGA_lite/21.1/nios2eds/bin/gnu/H-x86_64-pc-linux-gnu/bin/../lib/gcc/nios2-elf/11.2.1/../../../../../H-x86_64-pc-linux-gnu/nios2-elf/lib/libc.a(lib_a-stdio.o)
                0x000000000005a37c                __seofread
 .text.__swrite
                0x000000000005a384       0x80 /home/allan/intelFPGA_lite/21.1/nios2eds/bin/gnu/H-x86_64-pc-linux-gnu/bin/../lib/gcc/nios2-elf/11.2.1/../../../../../H-x86_64-pc-linux-gnu/nios2-elf/lib/libc.a(lib_a-stdio.o)
                0x000000000005a384                __swrite
 .text.__sseek  0x000000000005a404       0x5c /home/allan/intelFPGA_lite/21.1/nios2eds/bin/gnu/H-x86_64-pc-linux-gnu/bin/../lib/gcc/nios2-elf/11.2.1/../../../../../H-x86_64-pc-linux-gnu/nios2-elf/lib/libc.a(lib_a-stdio.o)
                0x000000000005a404                __sseek
 .text.__sclose
                0x000000000005a460        0x8 /home/allan/intelFPGA_lite/21.1/nios2eds/bin/gnu/H-x86_64-pc-linux-gnu/bin/../lib/gcc/nios2-elf/11.2.1/../../../../../H-x86_64-pc-linux-gnu/nios2-elf/lib/libc.a(lib_a-stdio.o)
                0x000000000005a460                __sclose
 .text          0x000000000005a468        0x0 /home/allan/intelFPGA_lite/21.1/nios2eds/bin/gnu/H-x86_64-pc-linux-gnu/bin/../lib/gcc/nios2-elf/11.2.1/../../../../../H-x86_64-pc-linux-gnu/nios2-elf/lib/libc.a(lib_a-strcmp.o)
 .text.strcmp   0x000000000005a468       0xb8 /home/allan/intelFPGA_lite/21.1/nios2eds/bin/gnu/H-x86_64-pc-linux-gnu/bin/../lib/gcc/nios2-elf/11.2.1/../../../../../H-x86_64-pc-linux-gnu/nios2-elf/lib/libc.a(lib_a-strcmp.o)
                0x000000000005a468                strcmp
 .text          0x000000000005a520        0x0 /home/allan/intelFPGA_lite/21.1/nios2eds/bin/gnu/H-x86_64-pc-linux-gnu/bin/../lib/gcc/nios2-elf/11.2.1/../../../../../H-x86_64-pc-linux-gnu/nios2-elf/lib/libc.a(lib_a-strtod.o)
 .text._strtod_l
                0x000000000005a520     0x15ec /home/allan/intelFPGA_lite/21.1/nios2eds/bin/gnu/H-x86_64-pc-linux-gnu/bin/../lib/gcc/nios2-elf/11.2.1/../../../../../H-x86_64-pc-linux-gnu/nios2-elf/lib/libc.a(lib_a-strtod.o)
                0x000000000005a520                _strtod_l
 .text._strtod_r
                0x000000000005bb0c        0xc /home/allan/intelFPGA_lite/21.1/nios2eds/bin/gnu/H-x86_64-pc-linux-gnu/bin/../lib/gcc/nios2-elf/11.2.1/../../../../../H-x86_64-pc-linux-gnu/nios2-elf/lib/libc.a(lib_a-strtod.o)
                0x000000000005bb0c                _strtod_r
 .text.strtod_l
                0x000000000005bb18       0x1c /home/allan/intelFPGA_lite/21.1/nios2eds/bin/gnu/H-x86_64-pc-linux-gnu/bin/../lib/gcc/nios2-elf/11.2.1/../../../../../H-x86_64-pc-linux-gnu/nios2-elf/lib/libc.a(lib_a-strtod.o)
                0x000000000005bb18                strtod_l
 .text.strtod   0x000000000005bb34       0x20 /home/allan/intelFPGA_lite/21.1/nios2eds/bin/gnu/H-x86_64-pc-linux-gnu/bin/../lib/gcc/nios2-elf/11.2.1/../../../../../H-x86_64-pc-linux-gnu/nios2-elf/lib/libc.a(lib_a-strtod.o)
                0x000000000005bb34                strtod
 .text.strtof_l
                0x000000000005bb54      0x120 /home/allan/intelFPGA_lite/21.1/nios2eds/bin/gnu/H-x86_64-pc-linux-gnu/bin/../lib/gcc/nios2-elf/11.2.1/../../../../../H-x86_64-pc-linux-gnu/nios2-elf/lib/libc.a(lib_a-strtod.o)
                0x000000000005bb54                strtof_l
 .text.strtof   0x000000000005bc74      0x124 /home/allan/intelFPGA_lite/21.1/nios2eds/bin/gnu/H-x86_64-pc-linux-gnu/bin/../lib/gcc/nios2-elf/11.2.1/../../../../../H-x86_64-pc-linux-gnu/nios2-elf/lib/libc.a(lib_a-strtod.o)
                0x000000000005bc74                strtof
 .text          0x000000000005bd98        0x0 /home/allan/intelFPGA_lite/21.1/nios2eds/bin/gnu/H-x86_64-pc-linux-gnu/bin/../lib/gcc/nios2-elf/11.2.1/../../../../../H-x86_64-pc-linux-gnu/nios2-elf/lib/libc.a(lib_a-strtol.o)
 .text._strtol_l.constprop.0
                0x000000000005bd98      0x248 /home/allan/intelFPGA_lite/21.1/nios2eds/bin/gnu/H-x86_64-pc-linux-gnu/bin/../lib/gcc/nios2-elf/11.2.1/../../../../../H-x86_64-pc-linux-gnu/nios2-elf/lib/libc.a(lib_a-strtol.o)
 .text._strtol_r
                0x000000000005bfe0        0x4 /home/allan/intelFPGA_lite/21.1/nios2eds/bin/gnu/H-x86_64-pc-linux-gnu/bin/../lib/gcc/nios2-elf/11.2.1/../../../../../H-x86_64-pc-linux-gnu/nios2-elf/lib/libc.a(lib_a-strtol.o)
                0x000000000005bfe0                _strtol_r
 .text.strtol_l
                0x000000000005bfe4       0x1c /home/allan/intelFPGA_lite/21.1/nios2eds/bin/gnu/H-x86_64-pc-linux-gnu/bin/../lib/gcc/nios2-elf/11.2.1/../../../../../H-x86_64-pc-linux-gnu/nios2-elf/lib/libc.a(lib_a-strtol.o)
                0x000000000005bfe4                strtol_l
 .text.strtol   0x000000000005c000       0x1c /home/allan/intelFPGA_lite/21.1/nios2eds/bin/gnu/H-x86_64-pc-linux-gnu/bin/../lib/gcc/nios2-elf/11.2.1/../../../../../H-x86_64-pc-linux-gnu/nios2-elf/lib/libc.a(lib_a-strtol.o)
                0x000000000005c000                strtol
 .text          0x000000000005c01c        0x0 /home/allan/intelFPGA_lite/21.1/nios2eds/bin/gnu/H-x86_64-pc-linux-gnu/bin/../lib/gcc/nios2-elf/11.2.1/../../../../../H-x86_64-pc-linux-gnu/nios2-elf/lib/libc.a(lib_a-strtoll.o)
 .text._strtoll_l.constprop.0
                0x000000000005c01c      0x2c8 /home/allan/intelFPGA_lite/21.1/nios2eds/bin/gnu/H-x86_64-pc-linux-gnu/bin/../lib/gcc/nios2-elf/11.2.1/../../../../../H-x86_64-pc-linux-gnu/nios2-elf/lib/libc.a(lib_a-strtoll.o)
 .text._strtoll_r
                0x000000000005c2e4        0x4 /home/allan/intelFPGA_lite/21.1/nios2eds/bin/gnu/H-x86_64-pc-linux-gnu/bin/../lib/gcc/nios2-elf/11.2.1/../../../../../H-x86_64-pc-linux-gnu/nios2-elf/lib/libc.a(lib_a-strtoll.o)
                0x000000000005c2e4                _strtoll_r
 .text.strtoll_l
                0x000000000005c2e8       0x1c /home/allan/intelFPGA_lite/21.1/nios2eds/bin/gnu/H-x86_64-pc-linux-gnu/bin/../lib/gcc/nios2-elf/11.2.1/../../../../../H-x86_64-pc-linux-gnu/nios2-elf/lib/libc.a(lib_a-strtoll.o)
                0x000000000005c2e8                strtoll_l
 .text.strtoll  0x000000000005c304       0x1c /home/allan/intelFPGA_lite/21.1/nios2eds/bin/gnu/H-x86_64-pc-linux-gnu/bin/../lib/gcc/nios2-elf/11.2.1/../../../../../H-x86_64-pc-linux-gnu/nios2-elf/lib/libc.a(lib_a-strtoll.o)
                0x000000000005c304                strtoll
 .text          0x000000000005c320        0x0 /home/allan/intelFPGA_lite/21.1/nios2eds/bin/gnu/H-x86_64-pc-linux-gnu/bin/../lib/gcc/nios2-elf/11.2.1/../../../../../H-x86_64-pc-linux-gnu/nios2-elf/lib/libc.a(lib_a-strtoul.o)
 .text._strtoul_l.constprop.0
                0x000000000005c320      0x24c /home/allan/intelFPGA_lite/21.1/nios2eds/bin/gnu/H-x86_64-pc-linux-gnu/bin/../lib/gcc/nios2-elf/11.2.1/../../../../../H-x86_64-pc-linux-gnu/nios2-elf/lib/libc.a(lib_a-strtoul.o)
 .text._strtoul_r
                0x000000000005c56c        0x4 /home/allan/intelFPGA_lite/21.1/nios2eds/bin/gnu/H-x86_64-pc-linux-gnu/bin/../lib/gcc/nios2-elf/11.2.1/../../../../../H-x86_64-pc-linux-gnu/nios2-elf/lib/libc.a(lib_a-strtoul.o)
                0x000000000005c56c                _strtoul_r
 .text.strtoul_l
                0x000000000005c570       0x1c /home/allan/intelFPGA_lite/21.1/nios2eds/bin/gnu/H-x86_64-pc-linux-gnu/bin/../lib/gcc/nios2-elf/11.2.1/../../../../../H-x86_64-pc-linux-gnu/nios2-elf/lib/libc.a(lib_a-strtoul.o)
                0x000000000005c570                strtoul_l
 .text.strtoul  0x000000000005c58c       0x1c /home/allan/intelFPGA_lite/21.1/nios2eds/bin/gnu/H-x86_64-pc-linux-gnu/bin/../lib/gcc/nios2-elf/11.2.1/../../../../../H-x86_64-pc-linux-gnu/nios2-elf/lib/libc.a(lib_a-strtoul.o)
                0x000000000005c58c                strtoul
 .text          0x000000000005c5a8        0x0 /home/allan/intelFPGA_lite/21.1/nios2eds/bin/gnu/H-x86_64-pc-linux-gnu/bin/../lib/gcc/nios2-elf/11.2.1/../../../../../H-x86_64-pc-linux-gnu/nios2-elf/lib/libc.a(lib_a-strtoull.o)
 .text._strtoull_l.constprop.0
                0x000000000005c5a8      0x31c /home/allan/intelFPGA_lite/21.1/nios2eds/bin/gnu/H-x86_64-pc-linux-gnu/bin/../lib/gcc/nios2-elf/11.2.1/../../../../../H-x86_64-pc-linux-gnu/nios2-elf/lib/libc.a(lib_a-strtoull.o)
 .text._strtoull_r
                0x000000000005c8c4        0x4 /home/allan/intelFPGA_lite/21.1/nios2eds/bin/gnu/H-x86_64-pc-linux-gnu/bin/../lib/gcc/nios2-elf/11.2.1/../../../../../H-x86_64-pc-linux-gnu/nios2-elf/lib/libc.a(lib_a-strtoull.o)
                0x000000000005c8c4                _strtoull_r
 .text.strtoull_l
                0x000000000005c8c8       0x1c /home/allan/intelFPGA_lite/21.1/nios2eds/bin/gnu/H-x86_64-pc-linux-gnu/bin/../lib/gcc/nios2-elf/11.2.1/../../../../../H-x86_64-pc-linux-gnu/nios2-elf/lib/libc.a(lib_a-strtoull.o)
                0x000000000005c8c8                strtoull_l
 .text.strtoull
                0x000000000005c8e4       0x1c /home/allan/intelFPGA_lite/21.1/nios2eds/bin/gnu/H-x86_64-pc-linux-gnu/bin/../lib/gcc/nios2-elf/11.2.1/../../../../../H-x86_64-pc-linux-gnu/nios2-elf/lib/libc.a(lib_a-strtoull.o)
                0x000000000005c8e4                strtoull
 .text          0x000000000005c900        0x0 /home/allan/intelFPGA_lite/21.1/nios2eds/bin/gnu/H-x86_64-pc-linux-gnu/bin/../lib/gcc/nios2-elf/11.2.1/../../../../../H-x86_64-pc-linux-gnu/nios2-elf/lib/libc.a(lib_a-svfprintf.o)
 .text.___svfprintf_internal_r
                0x000000000005c900     0x1f98 /home/allan/intelFPGA_lite/21.1/nios2eds/bin/gnu/H-x86_64-pc-linux-gnu/bin/../lib/gcc/nios2-elf/11.2.1/../../../../../H-x86_64-pc-linux-gnu/nios2-elf/lib/libc.a(lib_a-svfprintf.o)
                0x000000000005c900                ___svfprintf_internal_r
 .text          0x000000000005e898        0x0 /home/allan/intelFPGA_lite/21.1/nios2eds/bin/gnu/H-x86_64-pc-linux-gnu/bin/../lib/gcc/nios2-elf/11.2.1/../../../../../H-x86_64-pc-linux-gnu/nios2-elf/lib/libc.a(lib_a-ungetc.o)
 .text.__submore
                0x000000000005e898       0xc8 /home/allan/intelFPGA_lite/21.1/nios2eds/bin/gnu/H-x86_64-pc-linux-gnu/bin/../lib/gcc/nios2-elf/11.2.1/../../../../../H-x86_64-pc-linux-gnu/nios2-elf/lib/libc.a(lib_a-ungetc.o)
                0x000000000005e898                __submore
 .text._ungetc_r
                0x000000000005e960      0x184 /home/allan/intelFPGA_lite/21.1/nios2eds/bin/gnu/H-x86_64-pc-linux-gnu/bin/../lib/gcc/nios2-elf/11.2.1/../../../../../H-x86_64-pc-linux-gnu/nios2-elf/lib/libc.a(lib_a-ungetc.o)
                0x000000000005e960                _ungetc_r
 .text.ungetc   0x000000000005eae4       0x18 /home/allan/intelFPGA_lite/21.1/nios2eds/bin/gnu/H-x86_64-pc-linux-gnu/bin/../lib/gcc/nios2-elf/11.2.1/../../../../../H-x86_64-pc-linux-gnu/nios2-elf/lib/libc.a(lib_a-ungetc.o)
                0x000000000005eae4                ungetc
 .text          0x000000000005eafc        0x0 /home/allan/intelFPGA_lite/21.1/nios2eds/bin/gnu/H-x86_64-pc-linux-gnu/bin/../lib/gcc/nios2-elf/11.2.1/../../../../../H-x86_64-pc-linux-gnu/nios2-elf/lib/libc.a(lib_a-vfiprintf.o)
 .text.__sprint_r.part.0
                0x000000000005eafc       0xf4 /home/allan/intelFPGA_lite/21.1/nios2eds/bin/gnu/H-x86_64-pc-linux-gnu/bin/../lib/gcc/nios2-elf/11.2.1/../../../../../H-x86_64-pc-linux-gnu/nios2-elf/lib/libc.a(lib_a-vfiprintf.o)
 .text.__sprint_r
                0x000000000005ebf0       0x18 /home/allan/intelFPGA_lite/21.1/nios2eds/bin/gnu/H-x86_64-pc-linux-gnu/bin/../lib/gcc/nios2-elf/11.2.1/../../../../../H-x86_64-pc-linux-gnu/nios2-elf/lib/libc.a(lib_a-vfiprintf.o)
                0x000000000005ebf0                __sprint_r
 .text.___vfiprintf_internal_r
                0x000000000005ec08     0x124c /home/allan/intelFPGA_lite/21.1/nios2eds/bin/gnu/H-x86_64-pc-linux-gnu/bin/../lib/gcc/nios2-elf/11.2.1/../../../../../H-x86_64-pc-linux-gnu/nios2-elf/lib/libc.a(lib_a-vfiprintf.o)
                0x000000000005ec08                ___vfiprintf_internal_r
 .text.__vfiprintf_internal
                0x000000000005fe54       0x1c /home/allan/intelFPGA_lite/21.1/nios2eds/bin/gnu/H-x86_64-pc-linux-gnu/bin/../lib/gcc/nios2-elf/11.2.1/../../../../../H-x86_64-pc-linux-gnu/nios2-elf/lib/libc.a(lib_a-vfiprintf.o)
                0x000000000005fe54                __vfiprintf_internal
 .text.__sbprintf
                0x000000000005fe70       0xc0 /home/allan/intelFPGA_lite/21.1/nios2eds/bin/gnu/H-x86_64-pc-linux-gnu/bin/../lib/gcc/nios2-elf/11.2.1/../../../../../H-x86_64-pc-linux-gnu/nios2-elf/lib/libc.a(lib_a-vfiprintf.o)
 .text          0x000000000005ff30        0x0 /home/allan/intelFPGA_lite/21.1/nios2eds/bin/gnu/H-x86_64-pc-linux-gnu/bin/../lib/gcc/nios2-elf/11.2.1/../../../../../H-x86_64-pc-linux-gnu/nios2-elf/lib/libc.a(lib_a-wctomb_r.o)
 .text._wctomb_r
                0x000000000005ff30        0xc /home/allan/intelFPGA_lite/21.1/nios2eds/bin/gnu/H-x86_64-pc-linux-gnu/bin/../lib/gcc/nios2-elf/11.2.1/../../../../../H-x86_64-pc-linux-gnu/nios2-elf/lib/libc.a(lib_a-wctomb_r.o)
                0x000000000005ff30                _wctomb_r
 .text.__ascii_wctomb
                0x000000000005ff3c       0x30 /home/allan/intelFPGA_lite/21.1/nios2eds/bin/gnu/H-x86_64-pc-linux-gnu/bin/../lib/gcc/nios2-elf/11.2.1/../../../../../H-x86_64-pc-linux-gnu/nios2-elf/lib/libc.a(lib_a-wctomb_r.o)
                0x000000000005ff3c                __ascii_wctomb
 .text          0x000000000005ff6c        0x0 /home/allan/intelFPGA_lite/21.1/nios2eds/bin/gnu/H-x86_64-pc-linux-gnu/bin/../lib/gcc/nios2-elf/11.2.1/../../../../../H-x86_64-pc-linux-gnu/nios2-elf/lib/libc.a(lib_a-writer.o)
 .text._write_r
                0x000000000005ff6c       0x64 /home/allan/intelFPGA_lite/21.1/nios2eds/bin/gnu/H-x86_64-pc-linux-gnu/bin/../lib/gcc/nios2-elf/11.2.1/../../../../../H-x86_64-pc-linux-gnu/nios2-elf/lib/libc.a(lib_a-writer.o)
                0x000000000005ff6c                _write_r
 .text          0x000000000005ffd0        0x0 /home/allan/intelFPGA_lite/21.1/nios2eds/bin/gnu/H-x86_64-pc-linux-gnu/bin/../lib/gcc/nios2-elf/11.2.1/../../../../../H-x86_64-pc-linux-gnu/nios2-elf/lib/libc.a(closer.o)
 .text._close_r
                0x000000000005ffd0       0x58 /home/allan/intelFPGA_lite/21.1/nios2eds/bin/gnu/H-x86_64-pc-linux-gnu/bin/../lib/gcc/nios2-elf/11.2.1/../../../../../H-x86_64-pc-linux-gnu/nios2-elf/lib/libc.a(closer.o)
                0x000000000005ffd0                _close_r
 .text          0x0000000000060028        0x0 /home/allan/intelFPGA_lite/21.1/nios2eds/bin/gnu/H-x86_64-pc-linux-gnu/bin/../lib/gcc/nios2-elf/11.2.1/../../../../../H-x86_64-pc-linux-gnu/nios2-elf/lib/libc.a(lib_a-assert.o)
 .text.__assert_func
                0x0000000000060028       0x64 /home/allan/intelFPGA_lite/21.1/nios2eds/bin/gnu/H-x86_64-pc-linux-gnu/bin/../lib/gcc/nios2-elf/11.2.1/../../../../../H-x86_64-pc-linux-gnu/nios2-elf/lib/libc.a(lib_a-assert.o)
                0x0000000000060028                __assert_func
 .text.__assert
                0x000000000006008c       0x14 /home/allan/intelFPGA_lite/21.1/nios2eds/bin/gnu/H-x86_64-pc-linux-gnu/bin/../lib/gcc/nios2-elf/11.2.1/../../../../../H-x86_64-pc-linux-gnu/nios2-elf/lib/libc.a(lib_a-assert.o)
                0x000000000006008c                __assert
 .text          0x00000000000600a0        0x0 /home/allan/intelFPGA_lite/21.1/nios2eds/bin/gnu/H-x86_64-pc-linux-gnu/bin/../lib/gcc/nios2-elf/11.2.1/../../../../../H-x86_64-pc-linux-gnu/nios2-elf/lib/libc.a(lib_a-callocr.o)
 .text._calloc_r
                0x00000000000600a0      0x12c /home/allan/intelFPGA_lite/21.1/nios2eds/bin/gnu/H-x86_64-pc-linux-gnu/bin/../lib/gcc/nios2-elf/11.2.1/../../../../../H-x86_64-pc-linux-gnu/nios2-elf/lib/libc.a(lib_a-callocr.o)
                0x00000000000600a0                _calloc_r
 .text          0x00000000000601cc        0x0 /home/allan/intelFPGA_lite/21.1/nios2eds/bin/gnu/H-x86_64-pc-linux-gnu/bin/../lib/gcc/nios2-elf/11.2.1/../../../../../H-x86_64-pc-linux-gnu/nios2-elf/lib/libc.a(lib_a-fclose.o)
 .text._fclose_r
                0x00000000000601cc       0xf8 /home/allan/intelFPGA_lite/21.1/nios2eds/bin/gnu/H-x86_64-pc-linux-gnu/bin/../lib/gcc/nios2-elf/11.2.1/../../../../../H-x86_64-pc-linux-gnu/nios2-elf/lib/libc.a(lib_a-fclose.o)
                0x00000000000601cc                _fclose_r
 .text.fclose   0x00000000000602c4       0x10 /home/allan/intelFPGA_lite/21.1/nios2eds/bin/gnu/H-x86_64-pc-linux-gnu/bin/../lib/gcc/nios2-elf/11.2.1/../../../../../H-x86_64-pc-linux-gnu/nios2-elf/lib/libc.a(lib_a-fclose.o)
                0x00000000000602c4                fclose
 .text          0x00000000000602d4        0x0 /home/allan/intelFPGA_lite/21.1/nios2eds/bin/gnu/H-x86_64-pc-linux-gnu/bin/../lib/gcc/nios2-elf/11.2.1/../../../../../H-x86_64-pc-linux-gnu/nios2-elf/lib/libc.a(lib_a-fiprintf.o)
 .text._fiprintf_r
                0x00000000000602d4       0x20 /home/allan/intelFPGA_lite/21.1/nios2eds/bin/gnu/H-x86_64-pc-linux-gnu/bin/../lib/gcc/nios2-elf/11.2.1/../../../../../H-x86_64-pc-linux-gnu/nios2-elf/lib/libc.a(lib_a-fiprintf.o)
                0x00000000000602d4                _fiprintf_r
 .text.fiprintf
                0x00000000000602f4       0x38 /home/allan/intelFPGA_lite/21.1/nios2eds/bin/gnu/H-x86_64-pc-linux-gnu/bin/../lib/gcc/nios2-elf/11.2.1/../../../../../H-x86_64-pc-linux-gnu/nios2-elf/lib/libc.a(lib_a-fiprintf.o)
                0x00000000000602f4                fiprintf
 .text          0x000000000006032c        0x0 /home/allan/intelFPGA_lite/21.1/nios2eds/bin/gnu/H-x86_64-pc-linux-gnu/bin/../lib/gcc/nios2-elf/11.2.1/../../../../../H-x86_64-pc-linux-gnu/nios2-elf/lib/libc.a(lib_a-fputwc.o)
 .text.__fputwc
                0x000000000006032c      0x164 /home/allan/intelFPGA_lite/21.1/nios2eds/bin/gnu/H-x86_64-pc-linux-gnu/bin/../lib/gcc/nios2-elf/11.2.1/../../../../../H-x86_64-pc-linux-gnu/nios2-elf/lib/libc.a(lib_a-fputwc.o)
                0x000000000006032c                __fputwc
 .text._fputwc_r
                0x0000000000060490       0x24 /home/allan/intelFPGA_lite/21.1/nios2eds/bin/gnu/H-x86_64-pc-linux-gnu/bin/../lib/gcc/nios2-elf/11.2.1/../../../../../H-x86_64-pc-linux-gnu/nios2-elf/lib/libc.a(lib_a-fputwc.o)
                0x0000000000060490                _fputwc_r
 .text.fputwc   0x00000000000604b4       0x78 /home/allan/intelFPGA_lite/21.1/nios2eds/bin/gnu/H-x86_64-pc-linux-gnu/bin/../lib/gcc/nios2-elf/11.2.1/../../../../../H-x86_64-pc-linux-gnu/nios2-elf/lib/libc.a(lib_a-fputwc.o)
                0x00000000000604b4                fputwc
 .text          0x000000000006052c        0x0 /home/allan/intelFPGA_lite/21.1/nios2eds/bin/gnu/H-x86_64-pc-linux-gnu/bin/../lib/gcc/nios2-elf/11.2.1/../../../../../H-x86_64-pc-linux-gnu/nios2-elf/lib/libc.a(lib_a-fstatr.o)
 .text._fstat_r
                0x000000000006052c       0x60 /home/allan/intelFPGA_lite/21.1/nios2eds/bin/gnu/H-x86_64-pc-linux-gnu/bin/../lib/gcc/nios2-elf/11.2.1/../../../../../H-x86_64-pc-linux-gnu/nios2-elf/lib/libc.a(lib_a-fstatr.o)
                0x000000000006052c                _fstat_r
 .text          0x000000000006058c        0x0 /home/allan/intelFPGA_lite/21.1/nios2eds/bin/gnu/H-x86_64-pc-linux-gnu/bin/../lib/gcc/nios2-elf/11.2.1/../../../../../H-x86_64-pc-linux-gnu/nios2-elf/lib/libc.a(lib_a-gdtoa-gethex.o)
 .text.rshift   0x000000000006058c       0xdc /home/allan/intelFPGA_lite/21.1/nios2eds/bin/gnu/H-x86_64-pc-linux-gnu/bin/../lib/gcc/nios2-elf/11.2.1/../../../../../H-x86_64-pc-linux-gnu/nios2-elf/lib/libc.a(lib_a-gdtoa-gethex.o)
 .text.__gethex
                0x0000000000060668      0x8c4 /home/allan/intelFPGA_lite/21.1/nios2eds/bin/gnu/H-x86_64-pc-linux-gnu/bin/../lib/gcc/nios2-elf/11.2.1/../../../../../H-x86_64-pc-linux-gnu/nios2-elf/lib/libc.a(lib_a-gdtoa-gethex.o)
                0x0000000000060668                __gethex
 .text          0x0000000000060f2c        0x0 /home/allan/intelFPGA_lite/21.1/nios2eds/bin/gnu/H-x86_64-pc-linux-gnu/bin/../lib/gcc/nios2-elf/11.2.1/../../../../../H-x86_64-pc-linux-gnu/nios2-elf/lib/libc.a(lib_a-gdtoa-hexnan.o)
 .text.__match  0x0000000000060f2c       0x50 /home/allan/intelFPGA_lite/21.1/nios2eds/bin/gnu/H-x86_64-pc-linux-gnu/bin/../lib/gcc/nios2-elf/11.2.1/../../../../../H-x86_64-pc-linux-gnu/nios2-elf/lib/libc.a(lib_a-gdtoa-hexnan.o)
                0x0000000000060f2c                __match
 .text.__hexnan
                0x0000000000060f7c      0x290 /home/allan/intelFPGA_lite/21.1/nios2eds/bin/gnu/H-x86_64-pc-linux-gnu/bin/../lib/gcc/nios2-elf/11.2.1/../../../../../H-x86_64-pc-linux-gnu/nios2-elf/lib/libc.a(lib_a-gdtoa-hexnan.o)
                0x0000000000060f7c                __hexnan
 .text          0x000000000006120c        0x0 /home/allan/intelFPGA_lite/21.1/nios2eds/bin/gnu/H-x86_64-pc-linux-gnu/bin/../lib/gcc/nios2-elf/11.2.1/../../../../../H-x86_64-pc-linux-gnu/nios2-elf/lib/libc.a(lib_a-int_errno.o)
 .text          0x000000000006120c        0x0 /home/allan/intelFPGA_lite/21.1/nios2eds/bin/gnu/H-x86_64-pc-linux-gnu/bin/../lib/gcc/nios2-elf/11.2.1/../../../../../H-x86_64-pc-linux-gnu/nios2-elf/lib/libc.a(lib_a-isattyr.o)
 .text._isatty_r
                0x000000000006120c       0x58 /home/allan/intelFPGA_lite/21.1/nios2eds/bin/gnu/H-x86_64-pc-linux-gnu/bin/../lib/gcc/nios2-elf/11.2.1/../../../../../H-x86_64-pc-linux-gnu/nios2-elf/lib/libc.a(lib_a-isattyr.o)
                0x000000000006120c                _isatty_r
 .text          0x0000000000061264        0x0 /home/allan/intelFPGA_lite/21.1/nios2eds/bin/gnu/H-x86_64-pc-linux-gnu/bin/../lib/gcc/nios2-elf/11.2.1/../../../../../H-x86_64-pc-linux-gnu/nios2-elf/lib/libc.a(lib_a-lnumeric.o)
 .text.__numeric_load_locale
                0x0000000000061264        0x8 /home/allan/intelFPGA_lite/21.1/nios2eds/bin/gnu/H-x86_64-pc-linux-gnu/bin/../lib/gcc/nios2-elf/11.2.1/../../../../../H-x86_64-pc-linux-gnu/nios2-elf/lib/libc.a(lib_a-lnumeric.o)
                0x0000000000061264                __numeric_load_locale
 .text          0x000000000006126c        0x0 /home/allan/intelFPGA_lite/21.1/nios2eds/bin/gnu/H-x86_64-pc-linux-gnu/bin/../lib/gcc/nios2-elf/11.2.1/../../../../../H-x86_64-pc-linux-gnu/nios2-elf/lib/libc.a(lib_a-lseekr.o)
 .text._lseek_r
                0x000000000006126c       0x64 /home/allan/intelFPGA_lite/21.1/nios2eds/bin/gnu/H-x86_64-pc-linux-gnu/bin/../lib/gcc/nios2-elf/11.2.1/../../../../../H-x86_64-pc-linux-gnu/nios2-elf/lib/libc.a(lib_a-lseekr.o)
                0x000000000006126c                _lseek_r
 .text          0x00000000000612d0        0x0 /home/allan/intelFPGA_lite/21.1/nios2eds/bin/gnu/H-x86_64-pc-linux-gnu/bin/../lib/gcc/nios2-elf/11.2.1/../../../../../H-x86_64-pc-linux-gnu/nios2-elf/lib/libc.a(lib_a-readr.o)
 .text._read_r  0x00000000000612d0       0x64 /home/allan/intelFPGA_lite/21.1/nios2eds/bin/gnu/H-x86_64-pc-linux-gnu/bin/../lib/gcc/nios2-elf/11.2.1/../../../../../H-x86_64-pc-linux-gnu/nios2-elf/lib/libc.a(lib_a-readr.o)
                0x00000000000612d0                _read_r
 .text          0x0000000000061334        0x0 /home/allan/intelFPGA_lite/21.1/nios2eds/bin/gnu/H-x86_64-pc-linux-gnu/bin/../lib/gcc/nios2-elf/11.2.1/../../../../../H-x86_64-pc-linux-gnu/nios2-elf/lib/libc.a(lib_a-strncmp.o)
 .text.strncmp  0x0000000000061334      0x114 /home/allan/intelFPGA_lite/21.1/nios2eds/bin/gnu/H-x86_64-pc-linux-gnu/bin/../lib/gcc/nios2-elf/11.2.1/../../../../../H-x86_64-pc-linux-gnu/nios2-elf/lib/libc.a(lib_a-strncmp.o)
                0x0000000000061334                strncmp
 .text          0x0000000000061448        0x0 /home/allan/intelFPGA_lite/21.1/nios2eds/bin/gnu/H-x86_64-pc-linux-gnu/bin/../lib/gcc/nios2-elf/11.2.1/../../../../../H-x86_64-pc-linux-gnu/nios2-elf/lib/libc.a(lib_a-svfiprintf.o)
 .text.__ssprint_r
                0x0000000000061448      0x1c4 /home/allan/intelFPGA_lite/21.1/nios2eds/bin/gnu/H-x86_64-pc-linux-gnu/bin/../lib/gcc/nios2-elf/11.2.1/../../../../../H-x86_64-pc-linux-gnu/nios2-elf/lib/libc.a(lib_a-svfiprintf.o)
                0x0000000000061448                __ssprint_r
 .text.___svfiprintf_internal_r
                0x000000000006160c      0xff4 /home/allan/intelFPGA_lite/21.1/nios2eds/bin/gnu/H-x86_64-pc-linux-gnu/bin/../lib/gcc/nios2-elf/11.2.1/../../../../../H-x86_64-pc-linux-gnu/nios2-elf/lib/libc.a(lib_a-svfiprintf.o)
                0x000000000006160c                ___svfiprintf_internal_r
 .text          0x0000000000062600        0x0 /home/allan/intelFPGA_lite/21.1/nios2eds/bin/gnu/H-x86_64-pc-linux-gnu/bin/../lib/gcc/nios2-elf/11.2.1/../../../../../H-x86_64-pc-linux-gnu/nios2-elf/lib/libc.a(lib_a-vfiprintfr_1.o)
 .text._vfiprintf_r
                0x0000000000062600        0x4 /home/allan/intelFPGA_lite/21.1/nios2eds/bin/gnu/H-x86_64-pc-linux-gnu/bin/../lib/gcc/nios2-elf/11.2.1/../../../../../H-x86_64-pc-linux-gnu/nios2-elf/lib/libc.a(lib_a-vfiprintfr_1.o)
                0x0000000000062600                _vfiprintf_r
 .text          0x0000000000062604        0x0 /home/allan/intelFPGA_lite/21.1/nios2eds/bin/gnu/H-x86_64-pc-linux-gnu/bin/../lib/gcc/nios2-elf/11.2.1/../../../../../H-x86_64-pc-linux-gnu/nios2-elf/lib/libc.a(lib_a-wbuf.o)
 .text.__swbuf_r
                0x0000000000062604      0x148 /home/allan/intelFPGA_lite/21.1/nios2eds/bin/gnu/H-x86_64-pc-linux-gnu/bin/../lib/gcc/nios2-elf/11.2.1/../../../../../H-x86_64-pc-linux-gnu/nios2-elf/lib/libc.a(lib_a-wbuf.o)
                0x0000000000062604                __swbuf_r
 .text.__swbuf  0x000000000006274c       0x18 /home/allan/intelFPGA_lite/21.1/nios2eds/bin/gnu/H-x86_64-pc-linux-gnu/bin/../lib/gcc/nios2-elf/11.2.1/../../../../../H-x86_64-pc-linux-gnu/nios2-elf/lib/libc.a(lib_a-wbuf.o)
                0x000000000006274c                __swbuf
 .text          0x0000000000062764        0x0 /home/allan/intelFPGA_lite/21.1/nios2eds/bin/gnu/H-x86_64-pc-linux-gnu/bin/../lib/gcc/nios2-elf/11.2.1/../../../../../H-x86_64-pc-linux-gnu/nios2-elf/lib/libc.a(lib_a-wcrtomb.o)
 .text._wcrtomb_r
                0x0000000000062764       0x6c /home/allan/intelFPGA_lite/21.1/nios2eds/bin/gnu/H-x86_64-pc-linux-gnu/bin/../lib/gcc/nios2-elf/11.2.1/../../../../../H-x86_64-pc-linux-gnu/nios2-elf/lib/libc.a(lib_a-wcrtomb.o)
                0x0000000000062764                _wcrtomb_r
 .text.wcrtomb  0x00000000000627d0       0x88 /home/allan/intelFPGA_lite/21.1/nios2eds/bin/gnu/H-x86_64-pc-linux-gnu/bin/../lib/gcc/nios2-elf/11.2.1/../../../../../H-x86_64-pc-linux-gnu/nios2-elf/lib/libc.a(lib_a-wcrtomb.o)
                0x00000000000627d0                wcrtomb
 .text          0x0000000000062858        0x0 /home/allan/intelFPGA_lite/21.1/nios2eds/bin/gnu/H-x86_64-pc-linux-gnu/bin/../lib/gcc/nios2-elf/11.2.1/../../../../../H-x86_64-pc-linux-gnu/nios2-elf/lib/libc.a(lib_a-abort.o)
 .text.unlikely.abort
                0x0000000000062858       0x18 /home/allan/intelFPGA_lite/21.1/nios2eds/bin/gnu/H-x86_64-pc-linux-gnu/bin/../lib/gcc/nios2-elf/11.2.1/../../../../../H-x86_64-pc-linux-gnu/nios2-elf/lib/libc.a(lib_a-abort.o)
                0x0000000000062858                abort
 .text          0x0000000000062870        0x0 /home/allan/intelFPGA_lite/21.1/nios2eds/bin/gnu/H-x86_64-pc-linux-gnu/bin/../lib/gcc/nios2-elf/11.2.1/../../../../../H-x86_64-pc-linux-gnu/nios2-elf/lib/libc.a(lib_a-signal.o)
 .text._init_signal_r
                0x0000000000062870       0x5c /home/allan/intelFPGA_lite/21.1/nios2eds/bin/gnu/H-x86_64-pc-linux-gnu/bin/../lib/gcc/nios2-elf/11.2.1/../../../../../H-x86_64-pc-linux-gnu/nios2-elf/lib/libc.a(lib_a-signal.o)
                0x0000000000062870                _init_signal_r
 .text._signal_r
                0x00000000000628cc       0x98 /home/allan/intelFPGA_lite/21.1/nios2eds/bin/gnu/H-x86_64-pc-linux-gnu/bin/../lib/gcc/nios2-elf/11.2.1/../../../../../H-x86_64-pc-linux-gnu/nios2-elf/lib/libc.a(lib_a-signal.o)
                0x00000000000628cc                _signal_r
 .text._raise_r
                0x0000000000062964       0xc4 /home/allan/intelFPGA_lite/21.1/nios2eds/bin/gnu/H-x86_64-pc-linux-gnu/bin/../lib/gcc/nios2-elf/11.2.1/../../../../../H-x86_64-pc-linux-gnu/nios2-elf/lib/libc.a(lib_a-signal.o)
                0x0000000000062964                _raise_r
 .text.__sigtramp_r
                0x0000000000062a28       0xbc /home/allan/intelFPGA_lite/21.1/nios2eds/bin/gnu/H-x86_64-pc-linux-gnu/bin/../lib/gcc/nios2-elf/11.2.1/../../../../../H-x86_64-pc-linux-gnu/nios2-elf/lib/libc.a(lib_a-signal.o)
                0x0000000000062a28                __sigtramp_r
 .text.raise    0x0000000000062ae4       0xbc /home/allan/intelFPGA_lite/21.1/nios2eds/bin/gnu/H-x86_64-pc-linux-gnu/bin/../lib/gcc/nios2-elf/11.2.1/../../../../../H-x86_64-pc-linux-gnu/nios2-elf/lib/libc.a(lib_a-signal.o)
                0x0000000000062ae4                raise
 .text.signal   0x0000000000062ba0       0xa0 /home/allan/intelFPGA_lite/21.1/nios2eds/bin/gnu/H-x86_64-pc-linux-gnu/bin/../lib/gcc/nios2-elf/11.2.1/../../../../../H-x86_64-pc-linux-gnu/nios2-elf/lib/libc.a(lib_a-signal.o)
                0x0000000000062ba0                signal
 .text._init_signal
                0x0000000000062c40       0x60 /home/allan/intelFPGA_lite/21.1/nios2eds/bin/gnu/H-x86_64-pc-linux-gnu/bin/../lib/gcc/nios2-elf/11.2.1/../../../../../H-x86_64-pc-linux-gnu/nios2-elf/lib/libc.a(lib_a-signal.o)
                0x0000000000062c40                _init_signal
 .text.__sigtramp
                0x0000000000062ca0       0xbc /home/allan/intelFPGA_lite/21.1/nios2eds/bin/gnu/H-x86_64-pc-linux-gnu/bin/../lib/gcc/nios2-elf/11.2.1/../../../../../H-x86_64-pc-linux-gnu/nios2-elf/lib/libc.a(lib_a-signal.o)
                0x0000000000062ca0                __sigtramp
 .text          0x0000000000062d5c        0x0 /home/allan/intelFPGA_lite/21.1/nios2eds/bin/gnu/H-x86_64-pc-linux-gnu/bin/../lib/gcc/nios2-elf/11.2.1/../../../../../H-x86_64-pc-linux-gnu/nios2-elf/lib/libc.a(lib_a-signalr.o)
 .text._kill_r  0x0000000000062d5c       0x60 /home/allan/intelFPGA_lite/21.1/nios2eds/bin/gnu/H-x86_64-pc-linux-gnu/bin/../lib/gcc/nios2-elf/11.2.1/../../../../../H-x86_64-pc-linux-gnu/nios2-elf/lib/libc.a(lib_a-signalr.o)
                0x0000000000062d5c                _kill_r
 .text._getpid_r
                0x0000000000062dbc        0x4 /home/allan/intelFPGA_lite/21.1/nios2eds/bin/gnu/H-x86_64-pc-linux-gnu/bin/../lib/gcc/nios2-elf/11.2.1/../../../../../H-x86_64-pc-linux-gnu/nios2-elf/lib/libc.a(lib_a-signalr.o)
                0x0000000000062dbc                _getpid_r
 .text          0x0000000000062dc0       0x74 /home/allan/intelFPGA_lite/21.1/nios2eds/bin/gnu/H-x86_64-pc-linux-gnu/bin/../lib/gcc/nios2-elf/11.2.1/libgcc.a(_fixunsdfsi.o)
                0x0000000000062dc0                __fixunsdfsi
 .text          0x0000000000062e34       0x74 /home/allan/intelFPGA_lite/21.1/nios2eds/bin/gnu/H-x86_64-pc-linux-gnu/bin/../lib/gcc/nios2-elf/11.2.1/libgcc.a(_fixdfdi.o)
                0x0000000000062e34                __fixdfdi
 .text          0x0000000000062ea8       0x90 /home/allan/intelFPGA_lite/21.1/nios2eds/bin/gnu/H-x86_64-pc-linux-gnu/bin/../lib/gcc/nios2-elf/11.2.1/libgcc.a(_fixunsdfdi.o)
                0x0000000000062ea8                __fixunsdfdi
 .text          0x0000000000062f38       0x70 /home/allan/intelFPGA_lite/21.1/nios2eds/bin/gnu/H-x86_64-pc-linux-gnu/bin/../lib/gcc/nios2-elf/11.2.1/libgcc.a(_floatdidf.o)
                0x0000000000062f38                __floatdidf
 .text          0x0000000000062fa8      0x550 /home/allan/intelFPGA_lite/21.1/nios2eds/bin/gnu/H-x86_64-pc-linux-gnu/bin/../lib/gcc/nios2-elf/11.2.1/libgcc.a(_udivdi3.o)
                0x0000000000062fa8                __udivdi3
 .text          0x00000000000634f8      0x510 /home/allan/intelFPGA_lite/21.1/nios2eds/bin/gnu/H-x86_64-pc-linux-gnu/bin/../lib/gcc/nios2-elf/11.2.1/libgcc.a(_umoddi3.o)
                0x00000000000634f8                __umoddi3
 .text          0x0000000000063a08      0x1b4 /home/allan/intelFPGA_lite/21.1/nios2eds/bin/gnu/H-x86_64-pc-linux-gnu/bin/../lib/gcc/nios2-elf/11.2.1/libgcc.a(lib2-divmod.o)
                0x0000000000063a08                __divsi3
                0x0000000000063a88                __modsi3
                0x0000000000063afc                __udivsi3
                0x0000000000063b60                __umodsi3
 .text          0x0000000000063bbc      0x90c /home/allan/intelFPGA_lite/21.1/nios2eds/bin/gnu/H-x86_64-pc-linux-gnu/bin/../lib/gcc/nios2-elf/11.2.1/libgcc.a(adddf3.o)
                0x0000000000063bbc                __adddf3
 .text          0x00000000000644c8      0x84c /home/allan/intelFPGA_lite/21.1/nios2eds/bin/gnu/H-x86_64-pc-linux-gnu/bin/../lib/gcc/nios2-elf/11.2.1/libgcc.a(divdf3.o)
                0x00000000000644c8                __divdf3
 .text          0x0000000000064d14       0x80 /home/allan/intelFPGA_lite/21.1/nios2eds/bin/gnu/H-x86_64-pc-linux-gnu/bin/../lib/gcc/nios2-elf/11.2.1/libgcc.a(eqdf2.o)
                0x0000000000064d14                __eqdf2
                0x0000000000064d14                __nedf2
 .text          0x0000000000064d94       0xe8 /home/allan/intelFPGA_lite/21.1/nios2eds/bin/gnu/H-x86_64-pc-linux-gnu/bin/../lib/gcc/nios2-elf/11.2.1/libgcc.a(gedf2.o)
                0x0000000000064d94                __gtdf2
                0x0000000000064d94                __gedf2
 .text          0x0000000000064e7c       0xe8 /home/allan/intelFPGA_lite/21.1/nios2eds/bin/gnu/H-x86_64-pc-linux-gnu/bin/../lib/gcc/nios2-elf/11.2.1/libgcc.a(ledf2.o)
                0x0000000000064e7c                __ltdf2
                0x0000000000064e7c                __ledf2
 .text          0x0000000000064f64      0x714 /home/allan/intelFPGA_lite/21.1/nios2eds/bin/gnu/H-x86_64-pc-linux-gnu/bin/../lib/gcc/nios2-elf/11.2.1/libgcc.a(muldf3.o)
                0x0000000000064f64                __muldf3
 .text          0x0000000000065678      0x8d4 /home/allan/intelFPGA_lite/21.1/nios2eds/bin/gnu/H-x86_64-pc-linux-gnu/bin/../lib/gcc/nios2-elf/11.2.1/libgcc.a(subdf3.o)
                0x0000000000065678                __subdf3
 .text          0x0000000000065f4c       0x54 /home/allan/intelFPGA_lite/21.1/nios2eds/bin/gnu/H-x86_64-pc-linux-gnu/bin/../lib/gcc/nios2-elf/11.2.1/libgcc.a(unorddf2.o)
                0x0000000000065f4c                __unorddf2
 .text          0x0000000000065fa0       0x80 /home/allan/intelFPGA_lite/21.1/nios2eds/bin/gnu/H-x86_64-pc-linux-gnu/bin/../lib/gcc/nios2-elf/11.2.1/libgcc.a(fixdfsi.o)
                0x0000000000065fa0                __fixdfsi
 .text          0x0000000000066020       0xb8 /home/allan/intelFPGA_lite/21.1/nios2eds/bin/gnu/H-x86_64-pc-linux-gnu/bin/../lib/gcc/nios2-elf/11.2.1/libgcc.a(floatsidf.o)
                0x0000000000066020                __floatsidf
 .text          0x00000000000660d8       0x90 /home/allan/intelFPGA_lite/21.1/nios2eds/bin/gnu/H-x86_64-pc-linux-gnu/bin/../lib/gcc/nios2-elf/11.2.1/libgcc.a(floatunsidf.o)
                0x00000000000660d8                __floatunsidf
 .text          0x0000000000066168      0x178 /home/allan/intelFPGA_lite/21.1/nios2eds/bin/gnu/H-x86_64-pc-linux-gnu/bin/../lib/gcc/nios2-elf/11.2.1/libgcc.a(truncdfsf2.o)
                0x0000000000066168                __truncdfsf2
 .text          0x00000000000662e0      0x10c ../CPU0_bsp//libhal_bsp.a(alt_close.o)
                0x000000000006631c                close
 .text          0x00000000000663ec       0x2c ../CPU0_bsp//libhal_bsp.a(alt_dev.o)
 .text          0x0000000000066418        0x0 ../CPU0_bsp//libhal_bsp.a(alt_errno.o)
 .text          0x0000000000066418       0x38 ../CPU0_bsp//libhal_bsp.a(alt_exit.o)
                0x0000000000066418                _exit
 .text          0x0000000000066450       0xec ../CPU0_bsp//libhal_bsp.a(alt_fstat.o)
                0x000000000006648c                fstat
 .text          0x000000000006653c       0x20 ../CPU0_bsp//libhal_bsp.a(alt_getpid.o)
                0x000000000006653c                getpid
 .text          0x000000000006655c       0xe0 ../CPU0_bsp//libhal_bsp.a(alt_isatty.o)
                0x0000000000066598                isatty
 .text          0x000000000006663c      0x12c ../CPU0_bsp//libhal_bsp.a(alt_kill.o)
                0x0000000000066678                kill
 .text          0x0000000000066768       0xec ../CPU0_bsp//libhal_bsp.a(alt_load.o)
                0x00000000000667d0                alt_load
 .text          0x0000000000066854      0x110 ../CPU0_bsp//libhal_bsp.a(alt_lseek.o)
                0x0000000000066890                lseek
 .text          0x0000000000066964       0x7c ../CPU0_bsp//libhal_bsp.a(alt_main.o)
                0x0000000000066964                alt_main
 .text          0x00000000000669e0       0x48 ../CPU0_bsp//libhal_bsp.a(alt_malloc_lock.o)
                0x00000000000669e0                __malloc_lock
                0x0000000000066a04                __malloc_unlock
 .text          0x0000000000066a28      0x138 ../CPU0_bsp//libhal_bsp.a(alt_read.o)
                0x0000000000066a64                read
 .text          0x0000000000066b60       0x58 ../CPU0_bsp//libhal_bsp.a(alt_release_fd.o)
                0x0000000000066b60                alt_release_fd
 .text          0x0000000000066bb8       0xb8 ../CPU0_bsp//libhal_bsp.a(alt_sbrk.o)
                0x0000000000066bb8                sbrk
 .text          0x0000000000066c70      0x134 ../CPU0_bsp//libhal_bsp.a(alt_write.o)
                0x0000000000066cac                write
 .text          0x0000000000066da4       0xb8 ../CPU0_bsp//libhal_bsp.a(alt_sys_init.o)
                0x0000000000066dd8                alt_irq_init
                0x0000000000066e14                alt_sys_init
 .text          0x0000000000066e5c      0x164 ../CPU0_bsp//libhal_bsp.a(altera_avalon_jtag_uart_fd.o)
                0x0000000000066e5c                altera_avalon_jtag_uart_read_fd
                0x0000000000066ebc                altera_avalon_jtag_uart_write_fd
                0x0000000000066f1c                altera_avalon_jtag_uart_close_fd
                0x0000000000066f6c                altera_avalon_jtag_uart_ioctl_fd
 .text          0x0000000000066fc0      0x3d4 ../CPU0_bsp//libhal_bsp.a(altera_avalon_jtag_uart_init.o)
                0x0000000000066fc0                altera_avalon_jtag_uart_init
                0x000000000006732c                altera_avalon_jtag_uart_close
 .text          0x0000000000067394       0xf4 ../CPU0_bsp//libhal_bsp.a(altera_avalon_jtag_uart_ioctl.o)
                0x0000000000067394                altera_avalon_jtag_uart_ioctl
 .text          0x0000000000067488      0x220 ../CPU0_bsp//libhal_bsp.a(altera_avalon_jtag_uart_read.o)
                0x0000000000067488                altera_avalon_jtag_uart_read
 .text          0x00000000000676a8      0x228 ../CPU0_bsp//libhal_bsp.a(altera_avalon_jtag_uart_write.o)
                0x00000000000676a8                altera_avalon_jtag_uart_write
 .text          0x00000000000678d0      0x160 ../CPU0_bsp//libhal_bsp.a(alt_alarm_start.o)
                0x00000000000678d0                alt_alarm_start
 .text          0x0000000000067a30       0x4c ../CPU0_bsp//libhal_bsp.a(alt_dcache_flush_all.o)
                0x0000000000067a30                alt_dcache_flush_all
 .text          0x0000000000067a7c       0xe4 ../CPU0_bsp//libhal_bsp.a(alt_dev_llist_insert.o)
                0x0000000000067ab8                alt_dev_llist_insert
 .text          0x0000000000067b60       0x64 ../CPU0_bsp//libhal_bsp.a(alt_do_ctors.o)
                0x0000000000067b60                _do_ctors
 .text          0x0000000000067bc4       0x64 ../CPU0_bsp//libhal_bsp.a(alt_do_dtors.o)
                0x0000000000067bc4                _do_dtors
 .text          0x0000000000067c28       0x34 ../CPU0_bsp//libhal_bsp.a(alt_icache_flush_all.o)
                0x0000000000067c28                alt_icache_flush_all
 .text          0x0000000000067c5c      0x1b0 ../CPU0_bsp//libhal_bsp.a(alt_iic.o)
                0x0000000000067c5c                alt_ic_isr_register
                0x0000000000067cac                alt_ic_irq_enable
                0x0000000000067d34                alt_ic_irq_disable
                0x0000000000067dc0                alt_ic_irq_enabled
 .text          0x0000000000067e0c       0xe8 ../CPU0_bsp//libhal_bsp.a(alt_iic_isr_register.o)
                0x0000000000067e0c                alt_iic_isr_register
 .text          0x0000000000067ef4      0x12c ../CPU0_bsp//libhal_bsp.a(alt_io_redirect.o)
                0x0000000000067fa4                alt_io_redirect
 .text          0x0000000000068020        0x0 ../CPU0_bsp//libhal_bsp.a(alt_irq_entry.o)
 .text          0x0000000000068020        0x0 ../CPU0_bsp//libhal_bsp.a(alt_irq_handler.o)
 .text          0x0000000000068020        0x0 ../CPU0_bsp//libhal_bsp.a(alt_irq_vars.o)
 .text          0x0000000000068020      0x248 ../CPU0_bsp//libhal_bsp.a(alt_open.o)
                0x0000000000068114                open
 .text          0x0000000000068268      0x1d0 ../CPU0_bsp//libhal_bsp.a(alt_tick.o)
                0x0000000000068268                alt_alarm_stop
                0x000000000006830c                alt_tick
 .text          0x0000000000068438       0x24 ../CPU0_bsp//libhal_bsp.a(altera_nios2_gen2_irq.o)
                0x0000000000068438                altera_nios2_gen2_irq_init
 .text          0x000000000006845c        0x0 ../CPU0_bsp//libhal_bsp.a(alt_exception_entry.o)
 .text          0x000000000006845c       0x90 ../CPU0_bsp//libhal_bsp.a(alt_find_dev.o)
                0x000000000006845c                alt_find_dev
 .text          0x00000000000684ec      0x108 ../CPU0_bsp//libhal_bsp.a(alt_find_file.o)
                0x00000000000684ec                alt_find_file
 .text          0x00000000000685f4       0xa0 ../CPU0_bsp//libhal_bsp.a(alt_get_fd.o)
                0x00000000000685f4                alt_get_fd
 .text          0x0000000000068694       0x90 ../CPU0_bsp//libhal_bsp.a(alt_icache_flush.o)
                0x0000000000068694                alt_icache_flush
 .text          0x0000000000068724       0x74 ../CPU0_bsp//libhal_bsp.a(alt_instruction_exception_entry.o)
                0x0000000000068724                alt_exception_cause_generated_bad_addr
 .text          0x0000000000068798        0x0 /home/allan/intelFPGA_lite/21.1/nios2eds/bin/gnu/H-x86_64-pc-linux-gnu/bin/../lib/gcc/nios2-elf/11.2.1/../../../../../H-x86_64-pc-linux-gnu/nios2-elf/lib/libc.a(lib_a-atexit.o)
 .text.atexit   0x0000000000068798       0x14 /home/allan/intelFPGA_lite/21.1/nios2eds/bin/gnu/H-x86_64-pc-linux-gnu/bin/../lib/gcc/nios2-elf/11.2.1/../../../../../H-x86_64-pc-linux-gnu/nios2-elf/lib/libc.a(lib_a-atexit.o)
                0x0000000000068798                atexit
 .text          0x00000000000687ac        0x0 /home/allan/intelFPGA_lite/21.1/nios2eds/bin/gnu/H-x86_64-pc-linux-gnu/bin/../lib/gcc/nios2-elf/11.2.1/../../../../../H-x86_64-pc-linux-gnu/nios2-elf/lib/libc.a(lib_a-exit.o)
 .text.exit     0x00000000000687ac       0x34 /home/allan/intelFPGA_lite/21.1/nios2eds/bin/gnu/H-x86_64-pc-linux-gnu/bin/../lib/gcc/nios2-elf/11.2.1/../../../../../H-x86_64-pc-linux-gnu/nios2-elf/lib/libc.a(lib_a-exit.o)
                0x00000000000687ac                exit
 .text          0x00000000000687e0        0x0 /home/allan/intelFPGA_lite/21.1/nios2eds/bin/gnu/H-x86_64-pc-linux-gnu/bin/../lib/gcc/nios2-elf/11.2.1/../../../../../H-x86_64-pc-linux-gnu/nios2-elf/lib/libc.a(lib_a-memcmp.o)
 .text.memcmp   0x00000000000687e0       0x78 /home/allan/intelFPGA_lite/21.1/nios2eds/bin/gnu/H-x86_64-pc-linux-gnu/bin/../lib/gcc/nios2-elf/11.2.1/../../../../../H-x86_64-pc-linux-gnu/nios2-elf/lib/libc.a(lib_a-memcmp.o)
                0x00000000000687e0                memcmp
 .text          0x0000000000068858        0x0 /home/allan/intelFPGA_lite/21.1/nios2eds/bin/gnu/H-x86_64-pc-linux-gnu/bin/../lib/gcc/nios2-elf/11.2.1/../../../../../H-x86_64-pc-linux-gnu/nios2-elf/lib/libc.a(lib_a-__atexit.o)
 .text.__register_exitproc
                0x0000000000068858       0x90 /home/allan/intelFPGA_lite/21.1/nios2eds/bin/gnu/H-x86_64-pc-linux-gnu/bin/../lib/gcc/nios2-elf/11.2.1/../../../../../H-x86_64-pc-linux-gnu/nios2-elf/lib/libc.a(lib_a-__atexit.o)
                0x0000000000068858                __register_exitproc
 .text          0x00000000000688e8        0x0 /home/allan/intelFPGA_lite/21.1/nios2eds/bin/gnu/H-x86_64-pc-linux-gnu/bin/../lib/gcc/nios2-elf/11.2.1/../../../../../H-x86_64-pc-linux-gnu/nios2-elf/lib/libc.a(lib_a-__call_atexit.o)
 .text.__call_exitprocs
                0x00000000000688e8      0x120 /home/allan/intelFPGA_lite/21.1/nios2eds/bin/gnu/H-x86_64-pc-linux-gnu/bin/../lib/gcc/nios2-elf/11.2.1/../../../../../H-x86_64-pc-linux-gnu/nios2-elf/lib/libc.a(lib_a-__call_atexit.o)
                0x00000000000688e8                __call_exitprocs
 *(.gnu.warning.*)
 *(.fini)
                [!provide]                        PROVIDE (__etext = ABSOLUTE (.))
                [!provide]                        PROVIDE (_etext = ABSOLUTE (.))
                [!provide]                        PROVIDE (etext = ABSOLUTE (.))
 *(.eh_frame_hdr)
                0x0000000000068a08                . = ALIGN (0x4)
                [!provide]                        PROVIDE (__preinit_array_start = ABSOLUTE (.))
 *(.preinit_array)
                [!provide]                        PROVIDE (__preinit_array_end = ABSOLUTE (.))
                [!provide]                        PROVIDE (__init_array_start = ABSOLUTE (.))
 *(.init_array)
                [!provide]                        PROVIDE (__init_array_end = ABSOLUTE (.))
                [!provide]                        PROVIDE (__fini_array_start = ABSOLUTE (.))
 *(.fini_array)
                [!provide]                        PROVIDE (__fini_array_end = ABSOLUTE (.))
 *(.eh_frame)
 *(.gcc_except_table .gcc_except_table.*)
 *(.dynamic)
                0x0000000000068a08                PROVIDE (__CTOR_LIST__ = ABSOLUTE (.))
 *(.ctors)
 *(SORT_BY_NAME(.ctors.*))
                0x0000000000068a08                PROVIDE (__CTOR_END__ = ABSOLUTE (.))
                0x0000000000068a08                PROVIDE (__DTOR_LIST__ = ABSOLUTE (.))
 *(.dtors)
 *(SORT_BY_NAME(.dtors.*))
                0x0000000000068a08                PROVIDE (__DTOR_END__ = ABSOLUTE (.))
 *(.jcr)
                0x0000000000068a08                . = ALIGN (0x4)

.rodata         0x0000000000068a08      0x8f0
                0x0000000000068a08                PROVIDE (__ram_rodata_start = ABSOLUTE (.))
                0x0000000000068a08                . = ALIGN (0x4)
 *(.rodata .rodata.* .gnu.linkonce.r.*)
 .rodata        0x0000000000068a08       0x96 obj/default/cnn/main.o
 *fill*         0x0000000000068a9e        0x2 
 .rodata        0x0000000000068aa0      0x100 /home/allan/intelFPGA_lite/21.1/nios2eds/bin/gnu/H-x86_64-pc-linux-gnu/bin/../lib/gcc/nios2-elf/11.2.1/libgcc.a(_clz.o)
                0x0000000000068aa0                __clz_tab
 .rodata._puts_r.str1.4
                0x0000000000068ba0        0x2 /home/allan/intelFPGA_lite/21.1/nios2eds/bin/gnu/H-x86_64-pc-linux-gnu/bin/../lib/gcc/nios2-elf/11.2.1/../../../../../H-x86_64-pc-linux-gnu/nios2-elf/lib/libc.a(lib_a-puts.o)
 *fill*         0x0000000000068ba2        0x2 
 .rodata.___vfprintf_internal_r.str1.4
                0x0000000000068ba4       0x42 /home/allan/intelFPGA_lite/21.1/nios2eds/bin/gnu/H-x86_64-pc-linux-gnu/bin/../lib/gcc/nios2-elf/11.2.1/../../../../../H-x86_64-pc-linux-gnu/nios2-elf/lib/libc.a(lib_a-vfprintf.o)
 *fill*         0x0000000000068be6        0x2 
 .rodata.zeroes.0
                0x0000000000068be8       0x10 /home/allan/intelFPGA_lite/21.1/nios2eds/bin/gnu/H-x86_64-pc-linux-gnu/bin/../lib/gcc/nios2-elf/11.2.1/../../../../../H-x86_64-pc-linux-gnu/nios2-elf/lib/libc.a(lib_a-vfprintf.o)
 .rodata.blanks.1
                0x0000000000068bf8       0x10 /home/allan/intelFPGA_lite/21.1/nios2eds/bin/gnu/H-x86_64-pc-linux-gnu/bin/../lib/gcc/nios2-elf/11.2.1/../../../../../H-x86_64-pc-linux-gnu/nios2-elf/lib/libc.a(lib_a-vfprintf.o)
 .rodata.__svfscanf_r.str1.4
                0x0000000000068c08        0x5 /home/allan/intelFPGA_lite/21.1/nios2eds/bin/gnu/H-x86_64-pc-linux-gnu/bin/../lib/gcc/nios2-elf/11.2.1/../../../../../H-x86_64-pc-linux-gnu/nios2-elf/lib/libc.a(lib_a-vfscanf.o)
 *fill*         0x0000000000068c0d        0x1 
 .rodata.basefix.0
                0x0000000000068c0e       0x22 /home/allan/intelFPGA_lite/21.1/nios2eds/bin/gnu/H-x86_64-pc-linux-gnu/bin/../lib/gcc/nios2-elf/11.2.1/../../../../../H-x86_64-pc-linux-gnu/nios2-elf/lib/libc.a(lib_a-vfscanf.o)
 .rodata._ctype_
                0x0000000000068c30      0x101 /home/allan/intelFPGA_lite/21.1/nios2eds/bin/gnu/H-x86_64-pc-linux-gnu/bin/../lib/gcc/nios2-elf/11.2.1/../../../../../H-x86_64-pc-linux-gnu/nios2-elf/lib/libc.a(lib_a-ctype_.o)
                0x0000000000068c30                _ctype_
 *fill*         0x0000000000068d31        0x3 
 .rodata._ctype_b